Archive member included to satisfy reference by file (symbol)

c:/st/stm32cubeide_1.9.0/stm32cubeide/plugins/com.st.stm32cube.ide.mcu.externaltools.gnu-tools-for-stm32.10.3-2021.10.win32_1.0.0.202111181127/tools/bin/../lib/gcc/arm-none-eabi/10.3.1/../../../../arm-none-eabi/lib/thumb/v7e-m+fp/hard\libc_nano.a(lib_a-errno.o)
                              ./Core/Src/syscalls.o (__errno)
c:/st/stm32cubeide_1.9.0/stm32cubeide/plugins/com.st.stm32cube.ide.mcu.externaltools.gnu-tools-for-stm32.10.3-2021.10.win32_1.0.0.202111181127/tools/bin/../lib/gcc/arm-none-eabi/10.3.1/../../../../arm-none-eabi/lib/thumb/v7e-m+fp/hard\libc_nano.a(lib_a-exit.o)
                              c:/st/stm32cubeide_1.9.0/stm32cubeide/plugins/com.st.stm32cube.ide.mcu.externaltools.gnu-tools-for-stm32.10.3-2021.10.win32_1.0.0.202111181127/tools/bin/../lib/gcc/arm-none-eabi/10.3.1/../../../../arm-none-eabi/lib/thumb/v7e-m+fp/hard/crt0.o (exit)
c:/st/stm32cubeide_1.9.0/stm32cubeide/plugins/com.st.stm32cube.ide.mcu.externaltools.gnu-tools-for-stm32.10.3-2021.10.win32_1.0.0.202111181127/tools/bin/../lib/gcc/arm-none-eabi/10.3.1/../../../../arm-none-eabi/lib/thumb/v7e-m+fp/hard\libc_nano.a(lib_a-impure.o)
                              c:/st/stm32cubeide_1.9.0/stm32cubeide/plugins/com.st.stm32cube.ide.mcu.externaltools.gnu-tools-for-stm32.10.3-2021.10.win32_1.0.0.202111181127/tools/bin/../lib/gcc/arm-none-eabi/10.3.1/../../../../arm-none-eabi/lib/thumb/v7e-m+fp/hard\libc_nano.a(lib_a-exit.o) (_global_impure_ptr)
c:/st/stm32cubeide_1.9.0/stm32cubeide/plugins/com.st.stm32cube.ide.mcu.externaltools.gnu-tools-for-stm32.10.3-2021.10.win32_1.0.0.202111181127/tools/bin/../lib/gcc/arm-none-eabi/10.3.1/../../../../arm-none-eabi/lib/thumb/v7e-m+fp/hard\libc_nano.a(lib_a-init.o)
                              c:/st/stm32cubeide_1.9.0/stm32cubeide/plugins/com.st.stm32cube.ide.mcu.externaltools.gnu-tools-for-stm32.10.3-2021.10.win32_1.0.0.202111181127/tools/bin/../lib/gcc/arm-none-eabi/10.3.1/../../../../arm-none-eabi/lib/thumb/v7e-m+fp/hard/crt0.o (__libc_init_array)
c:/st/stm32cubeide_1.9.0/stm32cubeide/plugins/com.st.stm32cube.ide.mcu.externaltools.gnu-tools-for-stm32.10.3-2021.10.win32_1.0.0.202111181127/tools/bin/../lib/gcc/arm-none-eabi/10.3.1/../../../../arm-none-eabi/lib/thumb/v7e-m+fp/hard\libc_nano.a(lib_a-memset.o)
                              c:/st/stm32cubeide_1.9.0/stm32cubeide/plugins/com.st.stm32cube.ide.mcu.externaltools.gnu-tools-for-stm32.10.3-2021.10.win32_1.0.0.202111181127/tools/bin/../lib/gcc/arm-none-eabi/10.3.1/../../../../arm-none-eabi/lib/thumb/v7e-m+fp/hard/crt0.o (memset)
c:/st/stm32cubeide_1.9.0/stm32cubeide/plugins/com.st.stm32cube.ide.mcu.externaltools.gnu-tools-for-stm32.10.3-2021.10.win32_1.0.0.202111181127/tools/bin/../lib/gcc/arm-none-eabi/10.3.1/thumb/v7e-m+fp/hard\libgcc.a(_arm_muldf3.o)
                              ./Core/Src/main.o (__aeabi_dmul)
c:/st/stm32cubeide_1.9.0/stm32cubeide/plugins/com.st.stm32cube.ide.mcu.externaltools.gnu-tools-for-stm32.10.3-2021.10.win32_1.0.0.202111181127/tools/bin/../lib/gcc/arm-none-eabi/10.3.1/thumb/v7e-m+fp/hard\libgcc.a(_arm_addsubdf3.o)
                              ./Core/Src/main.o (__aeabi_dsub)
c:/st/stm32cubeide_1.9.0/stm32cubeide/plugins/com.st.stm32cube.ide.mcu.externaltools.gnu-tools-for-stm32.10.3-2021.10.win32_1.0.0.202111181127/tools/bin/../lib/gcc/arm-none-eabi/10.3.1/thumb/v7e-m+fp/hard\libgcc.a(_arm_cmpdf2.o)
                              ./Core/Src/main.o (__aeabi_dcmplt)
c:/st/stm32cubeide_1.9.0/stm32cubeide/plugins/com.st.stm32cube.ide.mcu.externaltools.gnu-tools-for-stm32.10.3-2021.10.win32_1.0.0.202111181127/tools/bin/../lib/gcc/arm-none-eabi/10.3.1/thumb/v7e-m+fp/hard\libgcc.a(_arm_fixunsdfsi.o)
                              ./Core/Src/main.o (__aeabi_d2uiz)
c:/st/stm32cubeide_1.9.0/stm32cubeide/plugins/com.st.stm32cube.ide.mcu.externaltools.gnu-tools-for-stm32.10.3-2021.10.win32_1.0.0.202111181127/tools/bin/../lib/gcc/arm-none-eabi/10.3.1/thumb/v7e-m+fp/hard\libgcc.a(_aeabi_uldivmod.o)
                              ./Drivers/STM32F4xx_HAL_Driver/Src/stm32f4xx_hal_rcc.o (__aeabi_uldivmod)
c:/st/stm32cubeide_1.9.0/stm32cubeide/plugins/com.st.stm32cube.ide.mcu.externaltools.gnu-tools-for-stm32.10.3-2021.10.win32_1.0.0.202111181127/tools/bin/../lib/gcc/arm-none-eabi/10.3.1/thumb/v7e-m+fp/hard\libgcc.a(_udivmoddi4.o)
                              c:/st/stm32cubeide_1.9.0/stm32cubeide/plugins/com.st.stm32cube.ide.mcu.externaltools.gnu-tools-for-stm32.10.3-2021.10.win32_1.0.0.202111181127/tools/bin/../lib/gcc/arm-none-eabi/10.3.1/thumb/v7e-m+fp/hard\libgcc.a(_aeabi_uldivmod.o) (__udivmoddi4)
c:/st/stm32cubeide_1.9.0/stm32cubeide/plugins/com.st.stm32cube.ide.mcu.externaltools.gnu-tools-for-stm32.10.3-2021.10.win32_1.0.0.202111181127/tools/bin/../lib/gcc/arm-none-eabi/10.3.1/thumb/v7e-m+fp/hard\libgcc.a(_dvmd_tls.o)
[...]
Memory Configuration

Name             Origin             Length             Attributes
RAM              0x0000000020000000 0x0000000000020000 xrw
FLASH            0x0000000008000000 0x0000000000080000 xr
*default*        0x0000000000000000 0xffffffffffffffff

Linker script and memory map

LOAD c:/st/stm32cubeide_1.9.0/stm32cubeide/plugins/com.st.stm32cube.ide.mcu.externaltools.gnu-tools-for-stm32.10.3-2021.10.win32_1.0.0.202111181127/tools/bin/../lib/gcc/arm-none-eabi/10.3.1/thumb/v7e-m+fp/hard/crti.o
LOAD c:/st/stm32cubeide_1.9.0/stm32cubeide/plugins/com.st.stm32cube.ide.mcu.externaltools.gnu-tools-for-stm32.10.3-2021.10.win32_1.0.0.202111181127/tools/bin/../lib/gcc/arm-none-eabi/10.3.1/thumb/v7e-m+fp/hard/crtbegin.o
LOAD c:/st/stm32cubeide_1.9.0/stm32cubeide/plugins/com.st.stm32cube.ide.mcu.externaltools.gnu-tools-for-stm32.10.3-2021.10.win32_1.0.0.202111181127/tools/bin/../lib/gcc/arm-none-eabi/10.3.1/../../../../arm-none-eabi/lib/thumb/v7e-m+fp/hard/crt0.o
LOAD ./Core/Src/main.o
LOAD ./Core/Src/stm32f4xx_hal_msp.o
LOAD ./Core/Src/stm32f4xx_it.o
LOAD ./Core/Src/syscalls.o
LOAD ./Core/Src/sysmem.o
LOAD ./Core/Src/system_stm32f4xx.o
LOAD ./Core/Startup/startup_stm32f411ceux.o
LOAD ./Drivers/STM32F4xx_HAL_Driver/Src/stm32f4xx_hal.o
LOAD ./Drivers/STM32F4xx_HAL_Driver/Src/stm32f4xx_hal_adc.o
LOAD ./Drivers/STM32F4xx_HAL_Driver/Src/stm32f4xx_hal_adc_ex.o
LOAD ./Drivers/STM32F4xx_HAL_Driver/Src/stm32f4xx_hal_cortex.o
LOAD ./Drivers/STM32F4xx_HAL_Driver/Src/stm32f4xx_hal_dma.o
LOAD ./Drivers/STM32F4xx_HAL_Driver/Src/stm32f4xx_hal_dma_ex.o
LOAD ./Drivers/STM32F4xx_HAL_Driver/Src/stm32f4xx_hal_exti.o
LOAD ./Drivers/STM32F4xx_HAL_Driver/Src/stm32f4xx_hal_flash.o
LOAD ./Drivers/STM32F4xx_HAL_Driver/Src/stm32f4xx_hal_flash_ex.o
LOAD ./Drivers/STM32F4xx_HAL_Driver/Src/stm32f4xx_hal_flash_ramfunc.o
LOAD ./Drivers/STM32F4xx_HAL_Driver/Src/stm32f4xx_hal_gpio.o
LOAD ./Drivers/STM32F4xx_HAL_Driver/Src/stm32f4xx_hal_pcd.o
LOAD ./Drivers/STM32F4xx_HAL_Driver/Src/stm32f4xx_hal_pcd_ex.o
LOAD ./Drivers/STM32F4xx_HAL_Driver/Src/stm32f4xx_hal_pwr.o
LOAD ./Drivers/STM32F4xx_HAL_Driver/Src/stm32f4xx_hal_pwr_ex.o
LOAD ./Drivers/STM32F4xx_HAL_Driver/Src/stm32f4xx_hal_rcc.o
LOAD ./Drivers/STM32F4xx_HAL_Driver/Src/stm32f4xx_hal_rcc_ex.o
LOAD ./Drivers/STM32F4xx_HAL_Driver/Src/stm32f4xx_hal_tim.o
LOAD ./Drivers/STM32F4xx_HAL_Driver/Src/stm32f4xx_hal_tim_ex.o
LOAD ./Drivers/STM32F4xx_HAL_Driver/Src/stm32f4xx_ll_adc.o
LOAD ./Drivers/STM32F4xx_HAL_Driver/Src/stm32f4xx_ll_usb.o
LOAD ./Middlewares/ST/STM32_USB_Device_Library/Class/CustomHID/Src/usbd_customhid.o
LOAD ./Middlewares/ST/STM32_USB_Device_Library/Core/Src/usbd_core.o
LOAD ./Middlewares/ST/STM32_USB_Device_Library/Core/Src/usbd_ctlreq.o
LOAD ./Middlewares/ST/STM32_USB_Device_Library/Core/Src/usbd_ioreq.o
LOAD ./USB_DEVICE/App/usb_device.o
LOAD ./USB_DEVICE/App/usbd_custom_hid_if.o
LOAD ./USB_DEVICE/App/usbd_desc.o
LOAD ./USB_DEVICE/Target/usbd_conf.o
START GROUP
LOAD c:/st/stm32cubeide_1.9.0/stm32cubeide/plugins/com.st.stm32cube.ide.mcu.externaltools.gnu-tools-for-stm32.10.3-2021.10.win32_1.0.0.202111181127/tools/bin/../lib/gcc/arm-none-eabi/10.3.1/../../../../arm-none-eabi/lib/thumb/v7e-m+fp/hard\libstdc++_nano.a
LOAD c:/st/stm32cubeide_1.9.0/stm32cubeide/plugins/com.st.stm32cube.ide.mcu.externaltools.gnu-tools-for-stm32.10.3-2021.10.win32_1.0.0.202111181127/tools/bin/../lib/gcc/arm-none-eabi/10.3.1/../../../../arm-none-eabi/lib/thumb/v7e-m+fp/hard\libsupc++_nano.a
END GROUP
LOAD c:/st/stm32cubeide_1.9.0/stm32cubeide/plugins/com.st.stm32cube.ide.mcu.externaltools.gnu-tools-for-stm32.10.3-2021.10.win32_1.0.0.202111181127/tools/bin/../lib/gcc/arm-none-eabi/10.3.1/../../../../arm-none-eabi/lib/thumb/v7e-m+fp/hard\libstdc++_nano.a
LOAD c:/st/stm32cubeide_1.9.0/stm32cubeide/plugins/com.st.stm32cube.ide.mcu.externaltools.gnu-tools-for-stm32.10.3-2021.10.win32_1.0.0.202111181127/tools/bin/../lib/gcc/arm-none-eabi/10.3.1/../../../../arm-none-eabi/lib/thumb/v7e-m+fp/hard\libm.a
LOAD c:/st/stm32cubeide_1.9.0/stm32cubeide/plugins/com.st.stm32cube.ide.mcu.externaltools.gnu-tools-for-stm32.10.3-2021.10.win32_1.0.0.202111181127/tools/bin/../lib/gcc/arm-none-eabi/10.3.1/../../../../arm-none-eabi/lib/thumb/v7e-m+fp/hard\libc_nano.a
START GROUP
LOAD c:/st/stm32cubeide_1.9.0/stm32cubeide/plugins/com.st.stm32cube.ide.mcu.externaltools.gnu-tools-for-stm32.10.3-2021.10.win32_1.0.0.202111181127/tools/bin/../lib/gcc/arm-none-eabi/10.3.1/thumb/v7e-m+fp/hard\libgcc.a
LOAD c:/st/stm32cubeide_1.9.0/stm32cubeide/plugins/com.st.stm32cube.ide.mcu.externaltools.gnu-tools-for-stm32.10.3-2021.10.win32_1.0.0.202111181127/tools/bin/../lib/gcc/arm-none-eabi/10.3.1/../../../../arm-none-eabi/lib/thumb/v7e-m+fp/hard\libc_nano.a
END GROUP
START GROUP
LOAD c:/st/stm32cubeide_1.9.0/stm32cubeide/plugins/com.st.stm32cube.ide.mcu.externaltools.gnu-tools-for-stm32.10.3-2021.10.win32_1.0.0.202111181127/tools/bin/../lib/gcc/arm-none-eabi/10.3.1/thumb/v7e-m+fp/hard\libgcc.a
LOAD c:/st/stm32cubeide_1.9.0/stm32cubeide/plugins/com.st.stm32cube.ide.mcu.externaltools.gnu-tools-for-stm32.10.3-2021.10.win32_1.0.0.202111181127/tools/bin/../lib/gcc/arm-none-eabi/10.3.1/../../../../arm-none-eabi/lib/thumb/v7e-m+fp/hard\libc_nano.a
LOAD c:/st/stm32cubeide_1.9.0/stm32cubeide/plugins/com.st.stm32cube.ide.mcu.externaltools.gnu-tools-for-stm32.10.3-2021.10.win32_1.0.0.202111181127/tools/bin/../lib/gcc/arm-none-eabi/10.3.1/../../../../arm-none-eabi/lib/thumb/v7e-m+fp/hard\libnosys.a
END GROUP
START GROUP
LOAD c:/st/stm32cubeide_1.9.0/stm32cubeide/plugins/com.st.stm32cube.ide.mcu.externaltools.gnu-tools-for-stm32.10.3-2021.10.win32_1.0.0.202111181127/tools/bin/../lib/gcc/arm-none-eabi/10.3.1/thumb/v7e-m+fp/hard\libgcc.a
LOAD c:/st/stm32cubeide_1.9.0/stm32cubeide/plugins/com.st.stm32cube.ide.mcu.externaltools.gnu-tools-for-stm32.10.3-2021.10.win32_1.0.0.202111181127/tools/bin/../lib/gcc/arm-none-eabi/10.3.1/../../../../arm-none-eabi/lib/thumb/v7e-m+fp/hard\libc_nano.a
LOAD c:/st/stm32cubeide_1.9.0/stm32cubeide/plugins/com.st.stm32cube.ide.mcu.externaltools.gnu-tools-for-stm32.10.3-2021.10.win32_1.0.0.202111181127/tools/bin/../lib/gcc/arm-none-eabi/10.3.1/../../../../arm-none-eabi/lib/thumb/v7e-m+fp/hard\libnosys.a
END GROUP
LOAD c:/st/stm32cubeide_1.9.0/stm32cubeide/plugins/com.st.stm32cube.ide.mcu.externaltools.gnu-tools-for-stm32.10.3-2021.10.win32_1.0.0.202111181127/tools/bin/../lib/gcc/arm-none-eabi/10.3.1/thumb/v7e-m+fp/hard/crtend.o
LOAD c:/st/stm32cubeide_1.9.0/stm32cubeide/plugins/com.st.stm32cube.ide.mcu.externaltools.gnu-tools-for-stm32.10.3-2021.10.win32_1.0.0.202111181127/tools/bin/../lib/gcc/arm-none-eabi/10.3.1/thumb/v7e-m+fp/hard/crtn.o
                0x0000000020020000                _estack = (ORIGIN (RAM) + LENGTH (RAM))
                0x0000000000000200                _Min_Heap_Size = 0x200
                0x0000000000000400                _Min_Stack_Size = 0x400

.isr_vector     0x0000000008000000      0x198
                0x0000000008000000                . = ALIGN (0x4)
 *(.isr_vector)
 .isr_vector    0x0000000008000000      0x198 ./Core/Startup/startup_stm32f411ceux.o
                0x0000000008000000                g_pfnVectors
                0x0000000008000198                . = ALIGN (0x4)

.text           0x0000000008000198     0x8e14
                0x0000000008000198                . = ALIGN (0x4)
 *(.text)
 .text          0x0000000008000198       0x40 c:/st/stm32cubeide_1.9.0/stm32cubeide/plugins/com.st.stm32cube.ide.mcu.externaltools.gnu-tools-for-stm32.10.3-2021.10.win32_1.0.0.202111181127/tools/bin/../lib/gcc/arm-none-eabi/10.3.1/thumb/v7e-m+fp/hard/crtbegin.o
 .text          0x00000000080001d8      0x254 c:/st/stm32cubeide_1.9.0/stm32cubeide/plugins/com.st.stm32cube.ide.mcu.externaltools.gnu-tools-for-stm32.10.3-2021.10.win32_1.0.0.202111181127/tools/bin/../lib/gcc/arm-none-eabi/10.3.1/thumb/v7e-m+fp/hard\libgcc.a(_arm_muldf3.o)
                0x00000000080001d8                __muldf3
                0x00000000080001d8                __aeabi_dmul
 .text          0x000000000800042c      0x378 c:/st/stm32cubeide_1.9.0/stm32cubeide/plugins/com.st.stm32cube.ide.mcu.externaltools.gnu-tools-for-stm32.10.3-2021.10.win32_1.0.0.202111181127/tools/bin/../lib/gcc/arm-none-eabi/10.3.1/thumb/v7e-m+fp/hard\libgcc.a(_arm_addsubdf3.o)
                0x000000000800042c                __aeabi_drsub
                0x0000000008000434                __aeabi_dsub
                0x0000000008000434                __subdf3
                0x0000000008000438                __aeabi_dadd
                0x0000000008000438                __adddf3
                0x00000000080006b0                __floatunsidf
                0x00000000080006b0                __aeabi_ui2d
                0x00000000080006d0                __floatsidf
                0x00000000080006d0                __aeabi_i2d
                0x00000000080006f4                __aeabi_f2d
                0x00000000080006f4                __extendsfdf2
                0x0000000008000738                __floatundidf
                0x0000000008000738                __aeabi_ul2d
                0x0000000008000748                __floatdidf
                0x0000000008000748                __aeabi_l2d
 .text          0x00000000080007a4      0x110 c:/st/stm32cubeide_1.9.0/stm32cubeide/plugins/com.st.stm32cube.ide.mcu.externaltools.gnu-tools-for-stm32.10.3-2021.10.win32_1.0.0.202111181127/tools/bin/../lib/gcc/arm-none-eabi/10.3.1/thumb/v7e-m+fp/hard\libgcc.a(_arm_cmpdf2.o)
                0x00000000080007a4                __gtdf2
                0x00000000080007a4                __gedf2
                0x00000000080007ac                __ltdf2
                0x00000000080007ac                __ledf2
                0x00000000080007b4                __nedf2
                0x00000000080007b4                __eqdf2
                0x00000000080007b4                __cmpdf2
                0x0000000008000830                __aeabi_cdrcmple
                0x0000000008000840                __aeabi_cdcmpeq
                0x0000000008000840                __aeabi_cdcmple
                0x0000000008000850                __aeabi_dcmpeq
                0x0000000008000864                __aeabi_dcmplt
                0x0000000008000878                __aeabi_dcmple
                0x000000000800088c                __aeabi_dcmpge
                0x00000000080008a0                __aeabi_dcmpgt
 .text          0x00000000080008b4       0x40 c:/st/stm32cubeide_1.9.0/stm32cubeide/plugins/com.st.stm32cube.ide.mcu.externaltools.gnu-tools-for-stm32.10.3-2021.10.win32_1.0.0.202111181127/tools/bin/../lib/gcc/arm-none-eabi/10.3.1/thumb/v7e-m+fp/hard\libgcc.a(_arm_fixunsdfsi.o)
                0x00000000080008b4                __aeabi_d2uiz
                0x00000000080008b4                __fixunsdfsi
 .text          0x00000000080008f4       0x30 c:/st/stm32cubeide_1.9.0/stm32cubeide/plugins/com.st.stm32cube.ide.mcu.externaltools.gnu-tools-for-stm32.10.3-2021.10.win32_1.0.0.202111181127/tools/bin/../lib/gcc/arm-none-eabi/10.3.1/thumb/v7e-m+fp/hard\libgcc.a(_aeabi_uldivmod.o)
                0x00000000080008f4                __aeabi_uldivmod
 .text          0x0000000008000924      0x2d0 c:/st/stm32cubeide_1.9.0/stm32cubeide/plugins/com.st.stm32cube.ide.mcu.externaltools.gnu-tools-for-stm32.10.3-2021.10.win32_1.0.0.202111181127/tools/bin/../lib/gcc/arm-none-eabi/10.3.1/thumb/v7e-m+fp/hard\libgcc.a(_udivmoddi4.o)
                0x0000000008000924                __udivmoddi4
 .text          0x0000000008000bf4        0x4 c:/st/stm32cubeide_1.9.0/stm32cubeide/plugins/com.st.stm32cube.ide.mcu.externaltools.gnu-tools-for-stm32.10.3-2021.10.win32_1.0.0.202111181127/tools/bin/../lib/gcc/arm-none-eabi/10.3.1/thumb/v7e-m+fp/hard\libgcc.a(_dvmd_tls.o)
                0x0000000008000bf4                __aeabi_idiv0
                0x0000000008000bf4                __aeabi_ldiv0
 *(.text*)
 .text._ZSt3absd
                0x0000000008000bf8       0x28 ./Core/Src/main.o
                0x0000000008000bf8                std::abs(double)
 .text._ZN4Math5clampEmmm
                0x0000000008000c20       0x34 ./Core/Src/main.o
                0x0000000008000c20                Math::clamp(unsigned long, unsigned long, unsigned long)
 .text._ZN9AnalogPinC2EP17ADC_HandleTypeDefm
                0x0000000008000c54       0x38 ./Core/Src/main.o
                0x0000000008000c54                AnalogPin::AnalogPin(ADC_HandleTypeDef*, unsigned long)
                0x0000000008000c54                AnalogPin::AnalogPin(ADC_HandleTypeDef*, unsigned long)
 .text._ZN9AnalogPin8getValueEv
                0x0000000008000c8c       0x6c ./Core/Src/main.o
                0x0000000008000c8c                AnalogPin::getValue()
 .text._ZN9AnalogPin14getSmoothValueEhd
                0x0000000008000cf8      0x104 ./Core/Src/main.o
                0x0000000008000cf8                AnalogPin::getSmoothValue(unsigned char, double)
 .text._ZN10DigitalPinC2EP12GPIO_TypeDefm
                0x0000000008000dfc       0x26 ./Core/Src/main.o
                0x0000000008000dfc                DigitalPin::DigitalPin(GPIO_TypeDef*, unsigned long)
                0x0000000008000dfc                DigitalPin::DigitalPin(GPIO_TypeDef*, unsigned long)
 .text._ZN10DigitalPin8setValueEb
                0x0000000008000e22       0x30 ./Core/Src/main.o
                0x0000000008000e22                DigitalPin::setValue(bool)
 .text._ZN10DigitalPin8getValueEv
                0x0000000008000e52       0x2e ./Core/Src/main.o
                0x0000000008000e52                DigitalPin::getValue()
 .text._ZN13PotentiometerC2ERK9AnalogPinmm
                0x0000000008000e80       0x32 ./Core/Src/main.o
                0x0000000008000e80                Potentiometer::Potentiometer(AnalogPin const&, unsigned long, unsigned long)
                0x0000000008000e80                Potentiometer::Potentiometer(AnalogPin const&, unsigned long, unsigned long)
 *fill*         0x0000000008000eb2        0x6 
 .text._ZN13Potentiometer8getValueEv
                0x0000000008000eb8       0x7c ./Core/Src/main.o
                0x0000000008000eb8                Potentiometer::getValue()
 .text._ZN7EncoderC2ERK10DigitalPinS2_S2_
                0x0000000008000f34       0x4c ./Core/Src/main.o
                0x0000000008000f34                Encoder::Encoder(DigitalPin const&, DigitalPin const&, DigitalPin const&)
                0x0000000008000f34                Encoder::Encoder(DigitalPin const&, DigitalPin const&, DigitalPin const&)
 .text._ZN7Encoder4readEv
                0x0000000008000f80       0xe0 ./Core/Src/main.o
                0x0000000008000f80                Encoder::read()
 .text._ZN7Encoder12readRotationEv
                0x0000000008001060       0x32 ./Core/Src/main.o
                0x0000000008001060                Encoder::readRotation()
 .text._ZN22JoystickAbstractButtonC2ERK10DigitalPin
                0x0000000008001092       0x24 ./Core/Src/main.o
                0x0000000008001092                JoystickAbstractButton::JoystickAbstractButton(DigitalPin const&)
                0x0000000008001092                JoystickAbstractButton::JoystickAbstractButton(DigitalPin const&)
 .text._ZN14JoystickButtonC2ERK10DigitalPin
                0x00000000080010b6       0x24 ./Core/Src/main.o
                0x00000000080010b6                JoystickButton::JoystickButton(DigitalPin const&)
                0x00000000080010b6                JoystickButton::JoystickButton(DigitalPin const&)
 .text._ZN14JoystickButton4tickEv
                0x00000000080010da       0x20 ./Core/Src/main.o
                0x00000000080010da                JoystickButton::tick()
 .text._ZN14JoystickButton12updateReportER24JoystickReportDescriptorRh
                0x00000000080010fa       0x40 ./Core/Src/main.o
                0x00000000080010fa                JoystickButton::updateReport(JoystickReportDescriptor&, unsigned char&)
 .text._ZN15JoystickEncoderC2ERK7Encoder
                0x000000000800113a       0x44 ./Core/Src/main.o
                0x000000000800113a                JoystickEncoder::JoystickEncoder(Encoder const&)
                0x000000000800113a                JoystickEncoder::JoystickEncoder(Encoder const&)
 .text._ZN15JoystickEncoder4readEv
                0x000000000800117e       0x6e ./Core/Src/main.o
                0x000000000800117e                JoystickEncoder::read()
 .text._ZN15JoystickEncoder4tickEv
                0x00000000080011ec       0x48 ./Core/Src/main.o
                0x00000000080011ec                JoystickEncoder::tick()
 .text._ZN15JoystickEncoder12updateReportER24JoystickReportDescriptorRh
                0x0000000008001234       0xa6 ./Core/Src/main.o
                0x0000000008001234                JoystickEncoder::updateReport(JoystickReportDescriptor&, unsigned char&)
 *fill*         0x00000000080012da        0x2 
 .text._ZN8JoystickC2Ev
                0x00000000080012dc      0x34c ./Core/Src/main.o
                0x00000000080012dc                Joystick::Joystick()
                0x00000000080012dc                Joystick::Joystick()
 .text._ZN8Joystick4tickEv
                0x0000000008001628       0x92 ./Core/Src/main.o
                0x0000000008001628                Joystick::tick()
 .text._ZN8Joystick9interruptEt
                0x00000000080016ba       0x32 ./Core/Src/main.o
                0x00000000080016ba                Joystick::interrupt(unsigned short)
 .text._ZN8Joystick12updateReportEv
                0x00000000080016ec      0x122 ./Core/Src/main.o
                0x00000000080016ec                Joystick::updateReport()
 *fill*         0x000000000800180e        0x2 
 .text._Z8yobaMainv
                0x0000000008001810       0x1c ./Core/Src/main.o
                0x0000000008001810                yobaMain()
 .text._Z13yobaInterruptt
                0x000000000800182c       0x20 ./Core/Src/main.o
                0x000000000800182c                yobaInterrupt(unsigned short)
 .text.main     0x000000000800184c       0x22 ./Core/Src/main.o
                0x000000000800184c                main
 *fill*         0x000000000800186e        0x2 
 .text._Z18SystemClock_Configv
                0x0000000008001870       0xe4 ./Core/Src/main.o
                0x0000000008001870                SystemClock_Config()
 .text._ZL12MX_ADC1_Initv
                0x0000000008001954       0xb8 ./Core/Src/main.o
 .text._ZL11MX_DMA_Initv
                0x0000000008001a0c       0x40 ./Core/Src/main.o
 .text._ZL12MX_GPIO_Initv
                0x0000000008001a4c      0x11c ./Core/Src/main.o
 .text.HAL_GPIO_EXTI_Callback
                0x0000000008001b68       0x1a ./Core/Src/main.o
                0x0000000008001b68                HAL_GPIO_EXTI_Callback
 .text.Error_Handler
                0x0000000008001b82        0xa ./Core/Src/main.o
                0x0000000008001b82                Error_Handler
 .text._Z41__static_initialization_and_destruction_0ii
                0x0000000008001b8c       0x40 ./Core/Src/main.o
 .text._GLOBAL__sub_I_hadc1
                0x0000000008001bcc       0x10 ./Core/Src/main.o
 .text.HAL_MspInit
                0x0000000008001bdc       0x50 ./Core/Src/stm32f4xx_hal_msp.o
                0x0000000008001bdc                HAL_MspInit
 .text.HAL_ADC_MspInit
                0x0000000008001c2c       0xf0 ./Core/Src/stm32f4xx_hal_msp.o
                0x0000000008001c2c                HAL_ADC_MspInit
 .text.NMI_Handler
                0x0000000008001d1c        0x6 ./Core/Src/stm32f4xx_it.o
                0x0000000008001d1c                NMI_Handler
 .text.HardFault_Handler
                0x0000000008001d22        0x6 ./Core/Src/stm32f4xx_it.o
                0x0000000008001d22                HardFault_Handler
 .text.MemManage_Handler
                0x0000000008001d28        0x6 ./Core/Src/stm32f4xx_it.o
                0x0000000008001d28                MemManage_Handler
 .text.BusFault_Handler
                0x0000000008001d2e        0x6 ./Core/Src/stm32f4xx_it.o
                0x0000000008001d2e                BusFault_Handler
 .text.UsageFault_Handler
                0x0000000008001d34        0x6 ./Core/Src/stm32f4xx_it.o
                0x0000000008001d34                UsageFault_Handler
 .text.SVC_Handler
                0x0000000008001d3a        0xe ./Core/Src/stm32f4xx_it.o
                0x0000000008001d3a                SVC_Handler
 .text.DebugMon_Handler
                0x0000000008001d48        0xe ./Core/Src/stm32f4xx_it.o
                0x0000000008001d48                DebugMon_Handler
 .text.PendSV_Handler
                0x0000000008001d56        0xe ./Core/Src/stm32f4xx_it.o
                0x0000000008001d56                PendSV_Handler
 .text.SysTick_Handler
                0x0000000008001d64        0xc ./Core/Src/stm32f4xx_it.o
                0x0000000008001d64                SysTick_Handler
 .text.EXTI4_IRQHandler
                0x0000000008001d70        0xe ./Core/Src/stm32f4xx_it.o
                0x0000000008001d70                EXTI4_IRQHandler
 .text.EXTI9_5_IRQHandler
                0x0000000008001d7e       0x2a ./Core/Src/stm32f4xx_it.o
                0x0000000008001d7e                EXTI9_5_IRQHandler
 .text.EXTI15_10_IRQHandler
                0x0000000008001da8       0x20 ./Core/Src/stm32f4xx_it.o
                0x0000000008001da8                EXTI15_10_IRQHandler
 .text.DMA2_Stream0_IRQHandler
                0x0000000008001dc8       0x14 ./Core/Src/stm32f4xx_it.o
                0x0000000008001dc8                DMA2_Stream0_IRQHandler
 .text.OTG_FS_IRQHandler
                0x0000000008001ddc       0x14 ./Core/Src/stm32f4xx_it.o
                0x0000000008001ddc                OTG_FS_IRQHandler
 .text.SystemInit
                0x0000000008001df0       0x24 ./Core/Src/system_stm32f4xx.o
                0x0000000008001df0                SystemInit
 .text.Reset_Handler
                0x0000000008001e14       0x50 ./Core/Startup/startup_stm32f411ceux.o
                0x0000000008001e14                Reset_Handler
 .text.Default_Handler
                0x0000000008001e64        0x2 ./Core/Startup/startup_stm32f411ceux.o
                0x0000000008001e64                RTC_Alarm_IRQHandler
                0x0000000008001e64                EXTI2_IRQHandler
                0x0000000008001e64                SPI4_IRQHandler
                0x0000000008001e64                TIM1_CC_IRQHandler
                0x0000000008001e64                DMA2_Stream5_IRQHandler
                0x0000000008001e64                DMA1_Stream5_IRQHandler
                0x0000000008001e64                PVD_IRQHandler
                0x0000000008001e64                SDIO_IRQHandler
                0x0000000008001e64                TAMP_STAMP_IRQHandler
                0x0000000008001e64                EXTI3_IRQHandler
                0x0000000008001e64                TIM1_UP_TIM10_IRQHandler
                0x0000000008001e64                I2C3_ER_IRQHandler
                0x0000000008001e64                EXTI0_IRQHandler
                0x0000000008001e64                I2C2_EV_IRQHandler
                0x0000000008001e64                DMA1_Stream2_IRQHandler
                0x0000000008001e64                FPU_IRQHandler
                0x0000000008001e64                DMA2_Stream2_IRQHandler
                0x0000000008001e64                SPI1_IRQHandler
                0x0000000008001e64                TIM1_BRK_TIM9_IRQHandler
                0x0000000008001e64                DMA2_Stream3_IRQHandler
                0x0000000008001e64                USART6_IRQHandler
                0x0000000008001e64                TIM4_IRQHandler
                0x0000000008001e64                I2C1_EV_IRQHandler
                0x0000000008001e64                DMA1_Stream6_IRQHandler
                0x0000000008001e64                DMA1_Stream1_IRQHandler
                0x0000000008001e64                TIM3_IRQHandler
                0x0000000008001e64                RCC_IRQHandler
                0x0000000008001e64                Default_Handler
                0x0000000008001e64                ADC_IRQHandler
                0x0000000008001e64                DMA1_Stream7_IRQHandler
                0x0000000008001e64                SPI5_IRQHandler
                0x0000000008001e64                TIM5_IRQHandler
                0x0000000008001e64                DMA2_Stream7_IRQHandler
                0x0000000008001e64                I2C3_EV_IRQHandler
                0x0000000008001e64                RTC_WKUP_IRQHandler
                0x0000000008001e64                SPI2_IRQHandler
                0x0000000008001e64                DMA1_Stream0_IRQHandler
                0x0000000008001e64                WWDG_IRQHandler
                0x0000000008001e64                TIM2_IRQHandler
                0x0000000008001e64                OTG_FS_WKUP_IRQHandler
                0x0000000008001e64                TIM1_TRG_COM_TIM11_IRQHandler
                0x0000000008001e64                EXTI1_IRQHandler
                0x0000000008001e64                USART2_IRQHandler
                0x0000000008001e64                I2C2_ER_IRQHandler
                0x0000000008001e64                DMA2_Stream1_IRQHandler
                0x0000000008001e64                FLASH_IRQHandler
                0x0000000008001e64                DMA2_Stream4_IRQHandler
                0x0000000008001e64                USART1_IRQHandler
                0x0000000008001e64                SPI3_IRQHandler
                0x0000000008001e64                DMA1_Stream4_IRQHandler
                0x0000000008001e64                I2C1_ER_IRQHandler
                0x0000000008001e64                DMA2_Stream6_IRQHandler
                0x0000000008001e64                DMA1_Stream3_IRQHandler
 *fill*         0x0000000008001e66        0x2 
 .text.HAL_Init
                0x0000000008001e68       0x44 ./Drivers/STM32F4xx_HAL_Driver/Src/stm32f4xx_hal.o
                0x0000000008001e68                HAL_Init
 .text.HAL_InitTick
                0x0000000008001eac       0x60 ./Drivers/STM32F4xx_HAL_Driver/Src/stm32f4xx_hal.o
                0x0000000008001eac                HAL_InitTick
 .text.HAL_IncTick
                0x0000000008001f0c       0x28 ./Drivers/STM32F4xx_HAL_Driver/Src/stm32f4xx_hal.o
                0x0000000008001f0c                HAL_IncTick
 .text.HAL_GetTick
                0x0000000008001f34       0x18 ./Drivers/STM32F4xx_HAL_Driver/Src/stm32f4xx_hal.o
                0x0000000008001f34                HAL_GetTick
 .text.HAL_Delay
                0x0000000008001f4c       0x48 ./Drivers/STM32F4xx_HAL_Driver/Src/stm32f4xx_hal.o
                0x0000000008001f4c                HAL_Delay
 .text.HAL_ADC_Init
                0x0000000008001f94       0x86 ./Drivers/STM32F4xx_HAL_Driver/Src/stm32f4xx_hal_adc.o
                0x0000000008001f94                HAL_ADC_Init
 *fill*         0x000000000800201a        0x2 
 .text.HAL_ADC_Start
                0x000000000800201c      0x168 ./Drivers/STM32F4xx_HAL_Driver/Src/stm32f4xx_hal_adc.o
                0x000000000800201c                HAL_ADC_Start
 .text.HAL_ADC_Stop
                0x0000000008002184       0x66 ./Drivers/STM32F4xx_HAL_Driver/Src/stm32f4xx_hal_adc.o
                0x0000000008002184                HAL_ADC_Stop
 .text.HAL_ADC_PollForConversion
                0x00000000080021ea      0x116 ./Drivers/STM32F4xx_HAL_Driver/Src/stm32f4xx_hal_adc.o
                0x00000000080021ea                HAL_ADC_PollForConversion
 .text.HAL_ADC_GetValue
                0x0000000008002300       0x1a ./Drivers/STM32F4xx_HAL_Driver/Src/stm32f4xx_hal_adc.o
                0x0000000008002300                HAL_ADC_GetValue
 *fill*         0x000000000800231a        0x2 
 .text.HAL_ADC_ConfigChannel
                0x000000000800231c      0x264 ./Drivers/STM32F4xx_HAL_Driver/Src/stm32f4xx_hal_adc.o
                0x000000000800231c                HAL_ADC_ConfigChannel
 .text.ADC_Init
                0x0000000008002580      0x1f8 ./Drivers/STM32F4xx_HAL_Driver/Src/stm32f4xx_hal_adc.o
 .text.__NVIC_SetPriorityGrouping
                0x0000000008002778       0x48 ./Drivers/STM32F4xx_HAL_Driver/Src/stm32f4xx_hal_cortex.o
 .text.__NVIC_GetPriorityGrouping
                0x00000000080027c0       0x1c ./Drivers/STM32F4xx_HAL_Driver/Src/stm32f4xx_hal_cortex.o
 .text.__NVIC_EnableIRQ
                0x00000000080027dc       0x3c ./Drivers/STM32F4xx_HAL_Driver/Src/stm32f4xx_hal_cortex.o
 .text.__NVIC_SetPriority
                0x0000000008002818       0x54 ./Drivers/STM32F4xx_HAL_Driver/Src/stm32f4xx_hal_cortex.o
 .text.NVIC_EncodePriority
                0x000000000800286c       0x66 ./Drivers/STM32F4xx_HAL_Driver/Src/stm32f4xx_hal_cortex.o
 *fill*         0x00000000080028d2        0x2 
 .text.SysTick_Config
                0x00000000080028d4       0x44 ./Drivers/STM32F4xx_HAL_Driver/Src/stm32f4xx_hal_cortex.o
 .text.HAL_NVIC_SetPriorityGrouping
                0x0000000008002918       0x16 ./Drivers/STM32F4xx_HAL_Driver/Src/stm32f4xx_hal_cortex.o
                0x0000000008002918                HAL_NVIC_SetPriorityGrouping
 .text.HAL_NVIC_SetPriority
                0x000000000800292e       0x38 ./Drivers/STM32F4xx_HAL_Driver/Src/stm32f4xx_hal_cortex.o
                0x000000000800292e                HAL_NVIC_SetPriority
 .text.HAL_NVIC_EnableIRQ
                0x0000000008002966       0x1c ./Drivers/STM32F4xx_HAL_Driver/Src/stm32f4xx_hal_cortex.o
                0x0000000008002966                HAL_NVIC_EnableIRQ
 .text.HAL_SYSTICK_Config
                0x0000000008002982       0x18 ./Drivers/STM32F4xx_HAL_Driver/Src/stm32f4xx_hal_cortex.o
                0x0000000008002982                HAL_SYSTICK_Config
 *fill*         0x000000000800299a        0x2 
 .text.HAL_DMA_Init
                0x000000000800299c      0x15c ./Drivers/STM32F4xx_HAL_Driver/Src/stm32f4xx_hal_dma.o
                0x000000000800299c                HAL_DMA_Init
 .text.HAL_DMA_IRQHandler
                0x0000000008002af8      0x314 ./Drivers/STM32F4xx_HAL_Driver/Src/stm32f4xx_hal_dma.o
                0x0000000008002af8                HAL_DMA_IRQHandler
 .text.DMA_CalcBaseAndBitshift
                0x0000000008002e0c       0x6c ./Drivers/STM32F4xx_HAL_Driver/Src/stm32f4xx_hal_dma.o
 .text.DMA_CheckFifoParam
                0x0000000008002e78       0xf8 ./Drivers/STM32F4xx_HAL_Driver/Src/stm32f4xx_hal_dma.o
 .text.HAL_GPIO_Init
                0x0000000008002f70      0x308 ./Drivers/STM32F4xx_HAL_Driver/Src/stm32f4xx_hal_gpio.o
                0x0000000008002f70                HAL_GPIO_Init
 .text.HAL_GPIO_ReadPin
                0x0000000008003278       0x30 ./Drivers/STM32F4xx_HAL_Driver/Src/stm32f4xx_hal_gpio.o
                0x0000000008003278                HAL_GPIO_ReadPin
 .text.HAL_GPIO_WritePin
                0x00000000080032a8       0x32 ./Drivers/STM32F4xx_HAL_Driver/Src/stm32f4xx_hal_gpio.o
                0x00000000080032a8                HAL_GPIO_WritePin
 *fill*         0x00000000080032da        0x2 
 .text.HAL_GPIO_EXTI_IRQHandler
                0x00000000080032dc       0x30 ./Drivers/STM32F4xx_HAL_Driver/Src/stm32f4xx_hal_gpio.o
                0x00000000080032dc                HAL_GPIO_EXTI_IRQHandler
 .text.HAL_PCD_Init
                0x000000000800330c      0x23a ./Drivers/STM32F4xx_HAL_Driver/Src/stm32f4xx_hal_pcd.o
                0x000000000800330c                HAL_PCD_Init
 .text.HAL_PCD_Start
                0x0000000008003546       0x66 ./Drivers/STM32F4xx_HAL_Driver/Src/stm32f4xx_hal_pcd.o
                0x0000000008003546                HAL_PCD_Start
 .text.HAL_PCD_IRQHandler
                0x00000000080035ac      0x93e ./Drivers/STM32F4xx_HAL_Driver/Src/stm32f4xx_hal_pcd.o
                0x00000000080035ac                HAL_PCD_IRQHandler
 .text.HAL_PCD_SetAddress
                0x0000000008003eea       0x4a ./Drivers/STM32F4xx_HAL_Driver/Src/stm32f4xx_hal_pcd.o
                0x0000000008003eea                HAL_PCD_SetAddress
 .text.HAL_PCD_EP_Open
                0x0000000008003f34       0xd0 ./Drivers/STM32F4xx_HAL_Driver/Src/stm32f4xx_hal_pcd.o
                0x0000000008003f34                HAL_PCD_EP_Open
 .text.HAL_PCD_EP_Close
                0x0000000008004004       0x94 ./Drivers/STM32F4xx_HAL_Driver/Src/stm32f4xx_hal_pcd.o
                0x0000000008004004                HAL_PCD_EP_Close
 .text.HAL_PCD_EP_Receive
                0x0000000008004098       0x96 ./Drivers/STM32F4xx_HAL_Driver/Src/stm32f4xx_hal_pcd.o
                0x0000000008004098                HAL_PCD_EP_Receive
 .text.HAL_PCD_EP_Transmit
                0x000000000800412e       0x94 ./Drivers/STM32F4xx_HAL_Driver/Src/stm32f4xx_hal_pcd.o
                0x000000000800412e                HAL_PCD_EP_Transmit
 .text.HAL_PCD_EP_SetStall
                0x00000000080041c2       0xc8 ./Drivers/STM32F4xx_HAL_Driver/Src/stm32f4xx_hal_pcd.o
                0x00000000080041c2                HAL_PCD_EP_SetStall
 .text.HAL_PCD_EP_ClrStall
                0x000000000800428a       0xac ./Drivers/STM32F4xx_HAL_Driver/Src/stm32f4xx_hal_pcd.o
                0x000000000800428a                HAL_PCD_EP_ClrStall
 .text.HAL_PCD_EP_Abort
                0x0000000008004336       0x62 ./Drivers/STM32F4xx_HAL_Driver/Src/stm32f4xx_hal_pcd.o
                0x0000000008004336                HAL_PCD_EP_Abort
 .text.PCD_WriteEmptyTxFifo
                0x0000000008004398      0x11a ./Drivers/STM32F4xx_HAL_Driver/Src/stm32f4xx_hal_pcd.o
 *fill*         0x00000000080044b2        0x2 
 .text.PCD_EP_OutXfrComplete_int
                0x00000000080044b4      0x1d0 ./Drivers/STM32F4xx_HAL_Driver/Src/stm32f4xx_hal_pcd.o
 .text.PCD_EP_OutSetupPacket_int
                0x0000000008004684       0x8c ./Drivers/STM32F4xx_HAL_Driver/Src/stm32f4xx_hal_pcd.o
 .text.HAL_PCDEx_SetTxFiFo
                0x0000000008004710       0x8e ./Drivers/STM32F4xx_HAL_Driver/Src/stm32f4xx_hal_pcd_ex.o
                0x0000000008004710                HAL_PCDEx_SetTxFiFo
 .text.HAL_PCDEx_SetRxFiFo
                0x000000000800479e       0x22 ./Drivers/STM32F4xx_HAL_Driver/Src/stm32f4xx_hal_pcd_ex.o
                0x000000000800479e                HAL_PCDEx_SetRxFiFo
 .text.HAL_PCDEx_LPM_Callback
                0x00000000080047c0       0x18 ./Drivers/STM32F4xx_HAL_Driver/Src/stm32f4xx_hal_pcd_ex.o
                0x00000000080047c0                HAL_PCDEx_LPM_Callback
 .text.HAL_RCC_OscConfig
                0x00000000080047d8      0x4f0 ./Drivers/STM32F4xx_HAL_Driver/Src/stm32f4xx_hal_rcc.o
                0x00000000080047d8                HAL_RCC_OscConfig
 .text.HAL_RCC_ClockConfig
                0x0000000008004cc8      0x1cc ./Drivers/STM32F4xx_HAL_Driver/Src/stm32f4xx_hal_rcc.o
                0x0000000008004cc8                HAL_RCC_ClockConfig
 .text.HAL_RCC_GetSysClockFreq
                0x0000000008004e94      0x18c ./Drivers/STM32F4xx_HAL_Driver/Src/stm32f4xx_hal_rcc.o
                0x0000000008004e94                HAL_RCC_GetSysClockFreq
 .text.HAL_RCC_GetHCLKFreq
                0x0000000008005020       0x18 ./Drivers/STM32F4xx_HAL_Driver/Src/stm32f4xx_hal_rcc.o
                0x0000000008005020                HAL_RCC_GetHCLKFreq
 .text.USB_CoreInit
                0x0000000008005038       0xc2 ./Drivers/STM32F4xx_HAL_Driver/Src/stm32f4xx_ll_usb.o
                0x0000000008005038                USB_CoreInit
 *fill*         0x00000000080050fa        0x2 
 .text.USB_SetTurnaroundTime
                0x00000000080050fc      0x144 ./Drivers/STM32F4xx_HAL_Driver/Src/stm32f4xx_ll_usb.o
                0x00000000080050fc                USB_SetTurnaroundTime
 .text.USB_EnableGlobalInt
                0x0000000008005240       0x22 ./Drivers/STM32F4xx_HAL_Driver/Src/stm32f4xx_ll_usb.o
                0x0000000008005240                USB_EnableGlobalInt
 .text.USB_DisableGlobalInt
                0x0000000008005262       0x22 ./Drivers/STM32F4xx_HAL_Driver/Src/stm32f4xx_ll_usb.o
                0x0000000008005262                USB_DisableGlobalInt
 .text.USB_SetCurrentMode
                0x0000000008005284       0x98 ./Drivers/STM32F4xx_HAL_Driver/Src/stm32f4xx_ll_usb.o
                0x0000000008005284                USB_SetCurrentMode
 .text.USB_DevInit
                0x000000000800531c      0x2c8 ./Drivers/STM32F4xx_HAL_Driver/Src/stm32f4xx_ll_usb.o
                0x000000000800531c                USB_DevInit
 .text.USB_FlushTxFifo
                0x00000000080055e4       0x68 ./Drivers/STM32F4xx_HAL_Driver/Src/stm32f4xx_ll_usb.o
                0x00000000080055e4                USB_FlushTxFifo
 .text.USB_FlushRxFifo
                0x000000000800564c       0x60 ./Drivers/STM32F4xx_HAL_Driver/Src/stm32f4xx_ll_usb.o
                0x000000000800564c                USB_FlushRxFifo
 .text.USB_SetDevSpeed
                0x00000000080056ac       0x32 ./Drivers/STM32F4xx_HAL_Driver/Src/stm32f4xx_ll_usb.o
                0x00000000080056ac                USB_SetDevSpeed
 .text.USB_GetDevSpeed
                0x00000000080056de       0x4a ./Drivers/STM32F4xx_HAL_Driver/Src/stm32f4xx_ll_usb.o
                0x00000000080056de                USB_GetDevSpeed
 .text.USB_ActivateEndpoint
                0x0000000008005728      0x10e ./Drivers/STM32F4xx_HAL_Driver/Src/stm32f4xx_ll_usb.o
                0x0000000008005728                USB_ActivateEndpoint
 *fill*         0x0000000008005836        0x2 
 .text.USB_DeactivateEndpoint
                0x0000000008005838      0x1b8 ./Drivers/STM32F4xx_HAL_Driver/Src/stm32f4xx_ll_usb.o
                0x0000000008005838                USB_DeactivateEndpoint
 .text.USB_EPStartXfer
                0x00000000080059f0      0x490 ./Drivers/STM32F4xx_HAL_Driver/Src/stm32f4xx_ll_usb.o
                0x00000000080059f0                USB_EPStartXfer
 .text.USB_EP0StartXfer
                0x0000000008005e80      0x2b0 ./Drivers/STM32F4xx_HAL_Driver/Src/stm32f4xx_ll_usb.o
                0x0000000008005e80                USB_EP0StartXfer
 .text.USB_EPStopXfer
                0x0000000008006130      0x154 ./Drivers/STM32F4xx_HAL_Driver/Src/stm32f4xx_ll_usb.o
                0x0000000008006130                USB_EPStopXfer
 .text.USB_WritePacket
                0x0000000008006284       0x7c ./Drivers/STM32F4xx_HAL_Driver/Src/stm32f4xx_ll_usb.o
                0x0000000008006284                USB_WritePacket
 .text.USB_ReadPacket
                0x0000000008006300       0xb0 ./Drivers/STM32F4xx_HAL_Driver/Src/stm32f4xx_ll_usb.o
                0x0000000008006300                USB_ReadPacket
 .text.USB_EPSetStall
                0x00000000080063b0       0xdc ./Drivers/STM32F4xx_HAL_Driver/Src/stm32f4xx_ll_usb.o
                0x00000000080063b0                USB_EPSetStall
 .text.USB_EPClearStall
                0x000000000800648c       0xcc ./Drivers/STM32F4xx_HAL_Driver/Src/stm32f4xx_ll_usb.o
                0x000000000800648c                USB_EPClearStall
 .text.USB_SetDevAddress
                0x0000000008006558       0x4c ./Drivers/STM32F4xx_HAL_Driver/Src/stm32f4xx_ll_usb.o
                0x0000000008006558                USB_SetDevAddress
 .text.USB_DevConnect
                0x00000000080065a4       0x42 ./Drivers/STM32F4xx_HAL_Driver/Src/stm32f4xx_ll_usb.o
                0x00000000080065a4                USB_DevConnect
 .text.USB_DevDisconnect
                0x00000000080065e6       0x42 ./Drivers/STM32F4xx_HAL_Driver/Src/stm32f4xx_ll_usb.o
                0x00000000080065e6                USB_DevDisconnect
 .text.USB_ReadInterrupts
                0x0000000008006628       0x26 ./Drivers/STM32F4xx_HAL_Driver/Src/stm32f4xx_ll_usb.o
                0x0000000008006628                USB_ReadInterrupts
 .text.USB_ReadDevAllOutEpInterrupt
                0x000000000800664e       0x34 ./Drivers/STM32F4xx_HAL_Driver/Src/stm32f4xx_ll_usb.o
                0x000000000800664e                USB_ReadDevAllOutEpInterrupt
 .text.USB_ReadDevAllInEpInterrupt
                0x0000000008006682       0x34 ./Drivers/STM32F4xx_HAL_Driver/Src/stm32f4xx_ll_usb.o
                0x0000000008006682                USB_ReadDevAllInEpInterrupt
 .text.USB_ReadDevOutEPInterrupt
                0x00000000080066b6       0x3c ./Drivers/STM32F4xx_HAL_Driver/Src/stm32f4xx_ll_usb.o
                0x00000000080066b6                USB_ReadDevOutEPInterrupt
 .text.USB_ReadDevInEPInterrupt
                0x00000000080066f2       0x5c ./Drivers/STM32F4xx_HAL_Driver/Src/stm32f4xx_ll_usb.o
                0x00000000080066f2                USB_ReadDevInEPInterrupt
 .text.USB_GetMode
                0x000000000800674e       0x1c ./Drivers/STM32F4xx_HAL_Driver/Src/stm32f4xx_ll_usb.o
                0x000000000800674e                USB_GetMode
 .text.USB_ActivateSetup
                0x000000000800676a       0x46 ./Drivers/STM32F4xx_HAL_Driver/Src/stm32f4xx_ll_usb.o
                0x000000000800676a                USB_ActivateSetup
 .text.USB_EP0_OutStart
                0x00000000080067b0       0xbc ./Drivers/STM32F4xx_HAL_Driver/Src/stm32f4xx_ll_usb.o
                0x00000000080067b0                USB_EP0_OutStart
 .text.USB_CoreReset
                0x000000000800686c       0x68 ./Drivers/STM32F4xx_HAL_Driver/Src/stm32f4xx_ll_usb.o
 .text.USBD_CUSTOM_HID_Init
                0x00000000080068d4      0x158 ./Middlewares/ST/STM32_USB_Device_Library/Class/CustomHID/Src/usbd_customhid.o
 .text.USBD_CUSTOM_HID_DeInit
                0x0000000008006a2c       0xf4 ./Middlewares/ST/STM32_USB_Device_Library/Class/CustomHID/Src/usbd_customhid.o
 .text.USBD_CUSTOM_HID_Setup
                0x0000000008006b20      0x234 ./Middlewares/ST/STM32_USB_Device_Library/Class/CustomHID/Src/usbd_customhid.o
 .text.USBD_CUSTOM_HID_SendReport
                0x0000000008006d54       0x74 ./Middlewares/ST/STM32_USB_Device_Library/Class/CustomHID/Src/usbd_customhid.o
                0x0000000008006d54                USBD_CUSTOM_HID_SendReport
 .text.USBD_CUSTOM_HID_GetFSCfgDesc
                0x0000000008006dc8       0x64 ./Middlewares/ST/STM32_USB_Device_Library/Class/CustomHID/Src/usbd_customhid.o
 .text.USBD_CUSTOM_HID_GetHSCfgDesc
                0x0000000008006e2c       0x64 ./Middlewares/ST/STM32_USB_Device_Library/Class/CustomHID/Src/usbd_customhid.o
 .text.USBD_CUSTOM_HID_GetOtherSpeedCfgDesc
                0x0000000008006e90       0x64 ./Middlewares/ST/STM32_USB_Device_Library/Class/CustomHID/Src/usbd_customhid.o
 .text.USBD_CUSTOM_HID_DataIn
                0x0000000008006ef4       0x2e ./Middlewares/ST/STM32_USB_Device_Library/Class/CustomHID/Src/usbd_customhid.o
 .text.USBD_CUSTOM_HID_DataOut
                0x0000000008006f22       0x5a ./Middlewares/ST/STM32_USB_Device_Library/Class/CustomHID/Src/usbd_customhid.o
 .text.USBD_CUSTOM_HID_ReceivePacket
                0x0000000008006f7c       0x4c ./Middlewares/ST/STM32_USB_Device_Library/Class/CustomHID/Src/usbd_customhid.o
                0x0000000008006f7c                USBD_CUSTOM_HID_ReceivePacket
 .text.USBD_CUSTOM_HID_EP0_RxReady
                0x0000000008006fc8       0x58 ./Middlewares/ST/STM32_USB_Device_Library/Class/CustomHID/Src/usbd_customhid.o
 .text.USBD_CUSTOM_HID_GetDeviceQualifierDesc
                0x0000000008007020       0x20 ./Middlewares/ST/STM32_USB_Device_Library/Class/CustomHID/Src/usbd_customhid.o
 .text.USBD_CUSTOM_HID_RegisterInterface
                0x0000000008007040       0x34 ./Middlewares/ST/STM32_USB_Device_Library/Class/CustomHID/Src/usbd_customhid.o
                0x0000000008007040                USBD_CUSTOM_HID_RegisterInterface
 .text.USBD_Init
                0x0000000008007074       0x60 ./Middlewares/ST/STM32_USB_Device_Library/Core/Src/usbd_core.o
                0x0000000008007074                USBD_Init
 .text.USBD_RegisterClass
                0x00000000080070d4       0x6c ./Middlewares/ST/STM32_USB_Device_Library/Core/Src/usbd_core.o
                0x00000000080070d4                USBD_RegisterClass
 .text.USBD_Start
                0x0000000008007140       0x18 ./Middlewares/ST/STM32_USB_Device_Library/Core/Src/usbd_core.o
                0x0000000008007140                USBD_Start
 .text.USBD_RunTestMode
                0x0000000008007158       0x16 ./Middlewares/ST/STM32_USB_Device_Library/Core/Src/usbd_core.o
                0x0000000008007158                USBD_RunTestMode
 .text.USBD_SetClassConfig
                0x000000000800716e       0x38 ./Middlewares/ST/STM32_USB_Device_Library/Core/Src/usbd_core.o
                0x000000000800716e                USBD_SetClassConfig
 .text.USBD_ClrClassConfig
                0x00000000080071a6       0x34 ./Middlewares/ST/STM32_USB_Device_Library/Core/Src/usbd_core.o
                0x00000000080071a6                USBD_ClrClassConfig
 .text.USBD_LL_SetupStage
                0x00000000080071da       0xaa ./Middlewares/ST/STM32_USB_Device_Library/Core/Src/usbd_core.o
                0x00000000080071da                USBD_LL_SetupStage
 .text.USBD_LL_DataOutStage
                0x0000000008007284      0x166 ./Middlewares/ST/STM32_USB_Device_Library/Core/Src/usbd_core.o
                0x0000000008007284                USBD_LL_DataOutStage
 .text.USBD_LL_DataInStage
                0x00000000080073ea      0x164 ./Middlewares/ST/STM32_USB_Device_Library/Core/Src/usbd_core.o
                0x00000000080073ea                USBD_LL_DataInStage
 .text.USBD_LL_Reset
                0x000000000800754e       0xa4 ./Middlewares/ST/STM32_USB_Device_Library/Core/Src/usbd_core.o
                0x000000000800754e                USBD_LL_Reset
 .text.USBD_LL_SetSpeed
                0x00000000080075f2       0x20 ./Middlewares/ST/STM32_USB_Device_Library/Core/Src/usbd_core.o
                0x00000000080075f2                USBD_LL_SetSpeed
 .text.USBD_LL_Suspend
                0x0000000008007612       0x2c ./Middlewares/ST/STM32_USB_Device_Library/Core/Src/usbd_core.o
                0x0000000008007612                USBD_LL_Suspend
 .text.USBD_LL_Resume
                0x000000000800763e       0x30 ./Middlewares/ST/STM32_USB_Device_Library/Core/Src/usbd_core.o
                0x000000000800763e                USBD_LL_Resume
 .text.USBD_LL_SOF
                0x000000000800766e       0x40 ./Middlewares/ST/STM32_USB_Device_Library/Core/Src/usbd_core.o
                0x000000000800766e                USBD_LL_SOF
 .text.USBD_LL_IsoINIncomplete
                0x00000000080076ae       0x64 ./Middlewares/ST/STM32_USB_Device_Library/Core/Src/usbd_core.o
                0x00000000080076ae                USBD_LL_IsoINIncomplete
 .text.USBD_LL_IsoOUTIncomplete
                0x0000000008007712       0x64 ./Middlewares/ST/STM32_USB_Device_Library/Core/Src/usbd_core.o
                0x0000000008007712                USBD_LL_IsoOUTIncomplete
 .text.USBD_LL_DevConnected
                0x0000000008007776       0x16 ./Middlewares/ST/STM32_USB_Device_Library/Core/Src/usbd_core.o
                0x0000000008007776                USBD_LL_DevConnected
 .text.USBD_LL_DevDisconnected
                0x000000000800778c       0x46 ./Middlewares/ST/STM32_USB_Device_Library/Core/Src/usbd_core.o
                0x000000000800778c                USBD_LL_DevDisconnected
 .text.USBD_CoreFindIF
                0x00000000080077d2       0x1a ./Middlewares/ST/STM32_USB_Device_Library/Core/Src/usbd_core.o
                0x00000000080077d2                USBD_CoreFindIF
 .text.USBD_CoreFindEP
                0x00000000080077ec       0x1a ./Middlewares/ST/STM32_USB_Device_Library/Core/Src/usbd_core.o
                0x00000000080077ec                USBD_CoreFindEP
 .text.USBD_GetEpDesc
                0x0000000008007806       0x74 ./Middlewares/ST/STM32_USB_Device_Library/Core/Src/usbd_core.o
                0x0000000008007806                USBD_GetEpDesc
 .text.USBD_GetNextDesc
                0x000000000800787a       0x3a ./Middlewares/ST/STM32_USB_Device_Library/Core/Src/usbd_core.o
                0x000000000800787a                USBD_GetNextDesc
 .text.SWAPBYTE
                0x00000000080078b4       0x3c ./Middlewares/ST/STM32_USB_Device_Library/Core/Src/usbd_ctlreq.o
 .text.USBD_StdDevReq
                0x00000000080078f0       0xe4 ./Middlewares/ST/STM32_USB_Device_Library/Core/Src/usbd_ctlreq.o
                0x00000000080078f0                USBD_StdDevReq
 .text.USBD_StdItfReq
                0x00000000080079d4       0xd8 ./Middlewares/ST/STM32_USB_Device_Library/Core/Src/usbd_ctlreq.o
                0x00000000080079d4                USBD_StdItfReq
 .text.USBD_StdEPReq
                0x0000000008007aac      0x33a ./Middlewares/ST/STM32_USB_Device_Library/Core/Src/usbd_ctlreq.o
                0x0000000008007aac                USBD_StdEPReq
 *fill*         0x0000000008007de6        0x2 
 .text.USBD_GetDescriptor
                0x0000000008007de8      0x2d4 ./Middlewares/ST/STM32_USB_Device_Library/Core/Src/usbd_ctlreq.o
 .text.USBD_SetAddress
                0x00000000080080bc       0x88 ./Middlewares/ST/STM32_USB_Device_Library/Core/Src/usbd_ctlreq.o
 .text.USBD_SetConfig
                0x0000000008008144      0x154 ./Middlewares/ST/STM32_USB_Device_Library/Core/Src/usbd_ctlreq.o
 .text.USBD_GetConfig
                0x0000000008008298       0x6c ./Middlewares/ST/STM32_USB_Device_Library/Core/Src/usbd_ctlreq.o
 .text.USBD_GetStatus
                0x0000000008008304       0x68 ./Middlewares/ST/STM32_USB_Device_Library/Core/Src/usbd_ctlreq.o
 .text.USBD_SetFeature
                0x000000000800836c       0x52 ./Middlewares/ST/STM32_USB_Device_Library/Core/Src/usbd_ctlreq.o
 .text.USBD_ClrFeature
                0x00000000080083be       0x44 ./Middlewares/ST/STM32_USB_Device_Library/Core/Src/usbd_ctlreq.o
 .text.USBD_ParseSetupRequest
                0x0000000008008402       0x74 ./Middlewares/ST/STM32_USB_Device_Library/Core/Src/usbd_ctlreq.o
                0x0000000008008402                USBD_ParseSetupRequest
 .text.USBD_CtlError
                0x0000000008008476       0x22 ./Middlewares/ST/STM32_USB_Device_Library/Core/Src/usbd_ctlreq.o
                0x0000000008008476                USBD_CtlError
 .text.USBD_GetString
                0x0000000008008498       0x8c ./Middlewares/ST/STM32_USB_Device_Library/Core/Src/usbd_ctlreq.o
                0x0000000008008498                USBD_GetString
 .text.USBD_GetLen
                0x0000000008008524       0x34 ./Middlewares/ST/STM32_USB_Device_Library/Core/Src/usbd_ctlreq.o
 .text.USBD_CtlSendData
                0x0000000008008558       0x36 ./Middlewares/ST/STM32_USB_Device_Library/Core/Src/usbd_ioreq.o
                0x0000000008008558                USBD_CtlSendData
 .text.USBD_CtlContinueSendData
                0x000000000800858e       0x22 ./Middlewares/ST/STM32_USB_Device_Library/Core/Src/usbd_ioreq.o
                0x000000000800858e                USBD_CtlContinueSendData
 .text.USBD_CtlPrepareRx
                0x00000000080085b0       0x3a ./Middlewares/ST/STM32_USB_Device_Library/Core/Src/usbd_ioreq.o
                0x00000000080085b0                USBD_CtlPrepareRx
 .text.USBD_CtlContinueRx
                0x00000000080085ea       0x22 ./Middlewares/ST/STM32_USB_Device_Library/Core/Src/usbd_ioreq.o
                0x00000000080085ea                USBD_CtlContinueRx
 .text.USBD_CtlSendStatus
                0x000000000800860c       0x26 ./Middlewares/ST/STM32_USB_Device_Library/Core/Src/usbd_ioreq.o
                0x000000000800860c                USBD_CtlSendStatus
 .text.USBD_CtlReceiveStatus
                0x0000000008008632       0x26 ./Middlewares/ST/STM32_USB_Device_Library/Core/Src/usbd_ioreq.o
                0x0000000008008632                USBD_CtlReceiveStatus
 .text.SendGovnoReport
                0x0000000008008658       0x24 ./USB_DEVICE/App/usb_device.o
                0x0000000008008658                SendGovnoReport
 .text.MX_USB_DEVICE_Init
                0x000000000800867c       0x60 ./USB_DEVICE/App/usb_device.o
                0x000000000800867c                MX_USB_DEVICE_Init
 .text.CUSTOM_HID_Init_FS
                0x00000000080086dc       0x10 ./USB_DEVICE/App/usbd_custom_hid_if.o
 .text.CUSTOM_HID_DeInit_FS
                0x00000000080086ec       0x10 ./USB_DEVICE/App/usbd_custom_hid_if.o
 .text.CUSTOM_HID_OutEvent_FS
                0x00000000080086fc       0x30 ./USB_DEVICE/App/usbd_custom_hid_if.o
 .text.USBD_FS_DeviceDescriptor
                0x000000000800872c       0x24 ./USB_DEVICE/App/usbd_desc.o
                0x000000000800872c                USBD_FS_DeviceDescriptor
 .text.USBD_FS_LangIDStrDescriptor
                0x0000000008008750       0x24 ./USB_DEVICE/App/usbd_desc.o
                0x0000000008008750                USBD_FS_LangIDStrDescriptor
 .text.USBD_FS_ProductStrDescriptor
                0x0000000008008774       0x3c ./USB_DEVICE/App/usbd_desc.o
                0x0000000008008774                USBD_FS_ProductStrDescriptor
 .text.USBD_FS_ManufacturerStrDescriptor
                0x00000000080087b0       0x28 ./USB_DEVICE/App/usbd_desc.o
                0x00000000080087b0                USBD_FS_ManufacturerStrDescriptor
 .text.USBD_FS_SerialStrDescriptor
                0x00000000080087d8       0x24 ./USB_DEVICE/App/usbd_desc.o
                0x00000000080087d8                USBD_FS_SerialStrDescriptor
 .text.USBD_FS_ConfigStrDescriptor
                0x00000000080087fc       0x3c ./USB_DEVICE/App/usbd_desc.o
                0x00000000080087fc                USBD_FS_ConfigStrDescriptor
 .text.USBD_FS_InterfaceStrDescriptor
                0x0000000008008838       0x3c ./USB_DEVICE/App/usbd_desc.o
                0x0000000008008838                USBD_FS_InterfaceStrDescriptor
 .text.Get_SerialNum
                0x0000000008008874       0x58 ./USB_DEVICE/App/usbd_desc.o
 .text.IntToUnicode
                0x00000000080088cc       0x7e ./USB_DEVICE/App/usbd_desc.o
 *fill*         0x000000000800894a        0x2 
 .text.HAL_PCD_MspInit
                0x000000000800894c       0xa8 ./USB_DEVICE/Target/usbd_conf.o
                0x000000000800894c                HAL_PCD_MspInit
 .text.HAL_PCD_SetupStageCallback
                0x00000000080089f4       0x24 ./USB_DEVICE/Target/usbd_conf.o
                0x00000000080089f4                HAL_PCD_SetupStageCallback
 .text.HAL_PCD_DataOutStageCallback
                0x0000000008008a18       0x36 ./USB_DEVICE/Target/usbd_conf.o
                0x0000000008008a18                HAL_PCD_DataOutStageCallback
 .text.HAL_PCD_DataInStageCallback
                0x0000000008008a4e       0x34 ./USB_DEVICE/Target/usbd_conf.o
                0x0000000008008a4e                HAL_PCD_DataInStageCallback
 .text.HAL_PCD_SOFCallback
                0x0000000008008a82       0x1c ./USB_DEVICE/Target/usbd_conf.o
                0x0000000008008a82                HAL_PCD_SOFCallback
 .text.HAL_PCD_ResetCallback
                0x0000000008008a9e       0x3c ./USB_DEVICE/Target/usbd_conf.o
                0x0000000008008a9e                HAL_PCD_ResetCallback
 *fill*         0x0000000008008ada        0x2 
 .text.HAL_PCD_SuspendCallback
                0x0000000008008adc       0x4c ./USB_DEVICE/Target/usbd_conf.o
                0x0000000008008adc                HAL_PCD_SuspendCallback
 .text.HAL_PCD_ResumeCallback
                0x0000000008008b28       0x1c ./USB_DEVICE/Target/usbd_conf.o
                0x0000000008008b28                HAL_PCD_ResumeCallback
 .text.HAL_PCD_ISOOUTIncompleteCallback
                0x0000000008008b44       0x24 ./USB_DEVICE/Target/usbd_conf.o
                0x0000000008008b44                HAL_PCD_ISOOUTIncompleteCallback
 .text.HAL_PCD_ISOINIncompleteCallback
                0x0000000008008b68       0x24 ./USB_DEVICE/Target/usbd_conf.o
                0x0000000008008b68                HAL_PCD_ISOINIncompleteCallback
 .text.HAL_PCD_ConnectCallback
                0x0000000008008b8c       0x1c ./USB_DEVICE/Target/usbd_conf.o
                0x0000000008008b8c                HAL_PCD_ConnectCallback
 .text.HAL_PCD_DisconnectCallback
                0x0000000008008ba8       0x1c ./USB_DEVICE/Target/usbd_conf.o
                0x0000000008008ba8                HAL_PCD_DisconnectCallback
 .text.USBD_LL_Init
                0x0000000008008bc4       0x98 ./USB_DEVICE/Target/usbd_conf.o
                0x0000000008008bc4                USBD_LL_Init
 .text.USBD_LL_Start
                0x0000000008008c5c       0x36 ./USB_DEVICE/Target/usbd_conf.o
                0x0000000008008c5c                USBD_LL_Start
 .text.USBD_LL_OpenEP
                0x0000000008008c92       0x4c ./USB_DEVICE/Target/usbd_conf.o
                0x0000000008008c92                USBD_LL_OpenEP
 .text.USBD_LL_CloseEP
                0x0000000008008cde       0x3e ./USB_DEVICE/Target/usbd_conf.o
                0x0000000008008cde                USBD_LL_CloseEP
 .text.USBD_LL_StallEP
                0x0000000008008d1c       0x3e ./USB_DEVICE/Target/usbd_conf.o
                0x0000000008008d1c                USBD_LL_StallEP
 .text.USBD_LL_ClearStallEP
                0x0000000008008d5a       0x3e ./USB_DEVICE/Target/usbd_conf.o
                0x0000000008008d5a                USBD_LL_ClearStallEP
 .text.USBD_LL_IsStallEP
                0x0000000008008d98       0x58 ./USB_DEVICE/Target/usbd_conf.o
                0x0000000008008d98                USBD_LL_IsStallEP
 .text.USBD_LL_SetUSBAddress
                0x0000000008008df0       0x3e ./USB_DEVICE/Target/usbd_conf.o
                0x0000000008008df0                USBD_LL_SetUSBAddress
 .text.USBD_LL_Transmit
                0x0000000008008e2e       0x42 ./USB_DEVICE/Target/usbd_conf.o
                0x0000000008008e2e                USBD_LL_Transmit
 .text.USBD_LL_PrepareReceive
                0x0000000008008e70       0x42 ./USB_DEVICE/Target/usbd_conf.o
                0x0000000008008e70                USBD_LL_PrepareReceive
 *fill*         0x0000000008008eb2        0x2 
 .text.USBD_static_malloc
                0x0000000008008eb4       0x1c ./USB_DEVICE/Target/usbd_conf.o
                0x0000000008008eb4                USBD_static_malloc
 .text.USBD_static_free
                0x0000000008008ed0       0x14 ./USB_DEVICE/Target/usbd_conf.o
                0x0000000008008ed0                USBD_static_free
 .text.USBD_Get_USB_Status
                0x0000000008008ee4       0x58 ./USB_DEVICE/Target/usbd_conf.o
                0x0000000008008ee4                USBD_Get_USB_Status
 .text.__libc_init_array
                0x0000000008008f3c       0x48 c:/st/stm32cubeide_1.9.0/stm32cubeide/plugins/com.st.stm32cube.ide.mcu.externaltools.gnu-tools-for-stm32.10.3-2021.10.win32_1.0.0.202111181127/tools/bin/../lib/gcc/arm-none-eabi/10.3.1/../../../../arm-none-eabi/lib/thumb/v7e-m+fp/hard\libc_nano.a(lib_a-init.o)
                0x0000000008008f3c                __libc_init_array
 .text.memset   0x0000000008008f84       0x10 c:/st/stm32cubeide_1.9.0/stm32cubeide/plugins/com.st.stm32cube.ide.mcu.externaltools.gnu-tools-for-stm32.10.3-2021.10.win32_1.0.0.202111181127/tools/bin/../lib/gcc/arm-none-eabi/10.3.1/../../../../arm-none-eabi/lib/thumb/v7e-m+fp/hard\libc_nano.a(lib_a-memset.o)
                0x0000000008008f84                memset
 *(.glue_7)
 .glue_7        0x0000000008008f94        0x0 linker stubs
 *(.glue_7t)
 .glue_7t       0x0000000008008f94        0x0 linker stubs
 *(.eh_frame)
 .eh_frame      0x0000000008008f94        0x0 c:/st/stm32cubeide_1.9.0/stm32cubeide/plugins/com.st.stm32cube.ide.mcu.externaltools.gnu-tools-for-stm32.10.3-2021.10.win32_1.0.0.202111181127/tools/bin/../lib/gcc/arm-none-eabi/10.3.1/thumb/v7e-m+fp/hard/crtbegin.o
 *(.init)
 .init          0x0000000008008f94        0x4 c:/st/stm32cubeide_1.9.0/stm32cubeide/plugins/com.st.stm32cube.ide.mcu.externaltools.gnu-tools-for-stm32.10.3-2021.10.win32_1.0.0.202111181127/tools/bin/../lib/gcc/arm-none-eabi/10.3.1/thumb/v7e-m+fp/hard/crti.o
                0x0000000008008f94                _init
 .init          0x0000000008008f98        0x8 c:/st/stm32cubeide_1.9.0/stm32cubeide/plugins/com.st.stm32cube.ide.mcu.externaltools.gnu-tools-for-stm32.10.3-2021.10.win32_1.0.0.202111181127/tools/bin/../lib/gcc/arm-none-eabi/10.3.1/thumb/v7e-m+fp/hard/crtn.o
 *(.fini)
 .fini          0x0000000008008fa0        0x4 c:/st/stm32cubeide_1.9.0/stm32cubeide/plugins/com.st.stm32cube.ide.mcu.externaltools.gnu-tools-for-stm32.10.3-2021.10.win32_1.0.0.202111181127/tools/bin/../lib/gcc/arm-none-eabi/10.3.1/thumb/v7e-m+fp/hard/crti.o
                0x0000000008008fa0                _fini
 .fini          0x0000000008008fa4        0x8 c:/st/stm32cubeide_1.9.0/stm32cubeide/plugins/com.st.stm32cube.ide.mcu.externaltools.gnu-tools-for-stm32.10.3-2021.10.win32_1.0.0.202111181127/tools/bin/../lib/gcc/arm-none-eabi/10.3.1/thumb/v7e-m+fp/hard/crtn.o
                0x0000000008008fac                . = ALIGN (0x4)
                0x0000000008008fac                _etext = .

.vfp11_veneer   0x0000000008008fac        0x0
 .vfp11_veneer  0x0000000008008fac        0x0 linker stubs

.v4_bx          0x0000000008008fac        0x0
 .v4_bx         0x0000000008008fac        0x0 linker stubs

.iplt           0x0000000008008fac        0x0
 .iplt          0x0000000008008fac        0x0 c:/st/stm32cubeide_1.9.0/stm32cubeide/plugins/com.st.stm32cube.ide.mcu.externaltools.gnu-tools-for-stm32.10.3-2021.10.win32_1.0.0.202111181127/tools/bin/../lib/gcc/arm-none-eabi/10.3.1/thumb/v7e-m+fp/hard/crtbegin.o

.rodata         0x0000000008008fac       0x78
                0x0000000008008fac                . = ALIGN (0x4)
 *(.rodata)
 .rodata        0x0000000008008fac       0x5d ./USB_DEVICE/App/usbd_desc.o
 *(.rodata*)
 *fill*         0x0000000008009009        0x3 
 .rodata.AHBPrescTable
                0x000000000800900c       0x10 ./Core/Src/system_stm32f4xx.o
                0x000000000800900c                AHBPrescTable
 .rodata.flagBitshiftOffset.0
                0x000000000800901c        0x8 ./Drivers/STM32F4xx_HAL_Driver/Src/stm32f4xx_hal_dma.o
                0x0000000008009024                . = ALIGN (0x4)

.ARM.extab      0x0000000008009024        0x0
                0x0000000008009024                . = ALIGN (0x4)
 *(.ARM.extab* .gnu.linkonce.armextab.*)
                0x0000000008009024                . = ALIGN (0x4)

.ARM            0x0000000008009024        0x8
                0x0000000008009024                . = ALIGN (0x4)
                0x0000000008009024                __exidx_start = .
 *(.ARM.exidx*)
 .ARM.exidx     0x0000000008009024        0x8 c:/st/stm32cubeide_1.9.0/stm32cubeide/plugins/com.st.stm32cube.ide.mcu.externaltools.gnu-tools-for-stm32.10.3-2021.10.win32_1.0.0.202111181127/tools/bin/../lib/gcc/arm-none-eabi/10.3.1/thumb/v7e-m+fp/hard\libgcc.a(_udivmoddi4.o)
                0x000000000800902c                __exidx_end = .
                0x000000000800902c                . = ALIGN (0x4)

.rel.dyn        0x000000000800902c        0x0
 .rel.iplt      0x000000000800902c        0x0 c:/st/stm32cubeide_1.9.0/stm32cubeide/plugins/com.st.stm32cube.ide.mcu.externaltools.gnu-tools-for-stm32.10.3-2021.10.win32_1.0.0.202111181127/tools/bin/../lib/gcc/arm-none-eabi/10.3.1/thumb/v7e-m+fp/hard/crtbegin.o

.preinit_array  0x000000000800902c        0x0
                0x000000000800902c                . = ALIGN (0x4)
                0x000000000800902c                PROVIDE (__preinit_array_start = .)
 *(.preinit_array*)
                0x000000000800902c                PROVIDE (__preinit_array_end = .)
                0x000000000800902c                . = ALIGN (0x4)

.init_array     0x000000000800902c        0x8
                0x000000000800902c                . = ALIGN (0x4)
                0x000000000800902c                PROVIDE (__init_array_start = .)
 *(SORT_BY_NAME(.init_array.*))
 *(.init_array*)
 .init_array    0x000000000800902c        0x4 c:/st/stm32cubeide_1.9.0/stm32cubeide/plugins/com.st.stm32cube.ide.mcu.externaltools.gnu-tools-for-stm32.10.3-2021.10.win32_1.0.0.202111181127/tools/bin/../lib/gcc/arm-none-eabi/10.3.1/thumb/v7e-m+fp/hard/crtbegin.o
 .init_array    0x0000000008009030        0x4 ./Core/Src/main.o
                0x0000000008009034                PROVIDE (__init_array_end = .)
                0x0000000008009034                . = ALIGN (0x4)

.fini_array     0x0000000008009034        0x4
                0x0000000008009034                . = ALIGN (0x4)
                [!provide]                        PROVIDE (__fini_array_start = .)
 *(SORT_BY_NAME(.fini_array.*))
 *(.fini_array*)
 .fini_array    0x0000000008009034        0x4 c:/st/stm32cubeide_1.9.0/stm32cubeide/plugins/com.st.stm32cube.ide.mcu.externaltools.gnu-tools-for-stm32.10.3-2021.10.win32_1.0.0.202111181127/tools/bin/../lib/gcc/arm-none-eabi/10.3.1/thumb/v7e-m+fp/hard/crtbegin.o
                [!provide]                        PROVIDE (__fini_array_end = .)
                0x0000000008009038                . = ALIGN (0x4)
                0x0000000008009038                _sidata = LOADADDR (.data)

.data           0x0000000020000000      0x120 load address 0x0000000008009038
                0x0000000020000000                . = ALIGN (0x4)
                0x0000000020000000                _sdata = .
 *(.data)
 *(.data*)
 .data.SystemCoreClock
                0x0000000020000000        0x4 ./Core/Src/system_stm32f4xx.o
                0x0000000020000000                SystemCoreClock
 .data.uwTickPrio
                0x0000000020000004        0x4 ./Drivers/STM32F4xx_HAL_Driver/Src/stm32f4xx_hal.o
                0x0000000020000004                uwTickPrio
 .data.uwTickFreq
                0x0000000020000008        0x1 ./Drivers/STM32F4xx_HAL_Driver/Src/stm32f4xx_hal.o
                0x0000000020000008                uwTickFreq
 *fill*         0x0000000020000009        0x3 
 .data.USBD_CUSTOM_HID
                0x000000002000000c       0x38 ./Middlewares/ST/STM32_USB_Device_Library/Class/CustomHID/Src/usbd_customhid.o
                0x000000002000000c                USBD_CUSTOM_HID
 .data.USBD_CUSTOM_HID_CfgDesc
                0x0000000020000044       0x29 ./Middlewares/ST/STM32_USB_Device_Library/Class/CustomHID/Src/usbd_customhid.o
 *fill*         0x000000002000006d        0x3 
 .data.USBD_CUSTOM_HID_Desc
                0x0000000020000070        0x9 ./Middlewares/ST/STM32_USB_Device_Library/Class/CustomHID/Src/usbd_customhid.o
 *fill*         0x0000000020000079        0x3 
 .data.USBD_CUSTOM_HID_DeviceQualifierDesc
                0x000000002000007c        0xa ./Middlewares/ST/STM32_USB_Device_Library/Class/CustomHID/Src/usbd_customhid.o
 .data.CUSTOMHIDInEpAdd
                0x0000000020000086        0x1 ./Middlewares/ST/STM32_USB_Device_Library/Class/CustomHID/Src/usbd_customhid.o
 .data.CUSTOMHIDOutEpAdd
                0x0000000020000087        0x1 ./Middlewares/ST/STM32_USB_Device_Library/Class/CustomHID/Src/usbd_customhid.o
 .data.CUSTOM_HID_ReportDesc_FS
                0x0000000020000088       0x35 ./USB_DEVICE/App/usbd_custom_hid_if.o
 *fill*         0x00000000200000bd        0x3 
 .data.USBD_CustomHID_fops_FS
                0x00000000200000c0       0x10 ./USB_DEVICE/App/usbd_custom_hid_if.o
                0x00000000200000c0                USBD_CustomHID_fops_FS
 .data.FS_Desc  0x00000000200000d0       0x1c ./USB_DEVICE/App/usbd_desc.o
                0x00000000200000d0                FS_Desc
 .data.USBD_FS_DeviceDesc
                0x00000000200000ec       0x12 ./USB_DEVICE/App/usbd_desc.o
                0x00000000200000ec                USBD_FS_DeviceDesc
 *fill*         0x00000000200000fe        0x2 
 .data.USBD_LangIDDesc
                0x0000000020000100        0x4 ./USB_DEVICE/App/usbd_desc.o
                0x0000000020000100                USBD_LangIDDesc
 .data.USBD_StringSerial
                0x0000000020000104       0x1a ./USB_DEVICE/App/usbd_desc.o
                0x0000000020000104                USBD_StringSerial
 *(.RamFunc)
 *(.RamFunc*)
                0x0000000020000120                . = ALIGN (0x4)
 *fill*         0x000000002000011e        0x2 
                0x0000000020000120                _edata = .

.igot.plt       0x0000000020000120        0x0 load address 0x0000000008009158
 .igot.plt      0x0000000020000120        0x0 c:/st/stm32cubeide_1.9.0/stm32cubeide/plugins/com.st.stm32cube.ide.mcu.externaltools.gnu-tools-for-stm32.10.3-2021.10.win32_1.0.0.202111181127/tools/bin/../lib/gcc/arm-none-eabi/10.3.1/thumb/v7e-m+fp/hard/crtbegin.o
                0x0000000020000120                . = ALIGN (0x4)

.bss            0x0000000020000120      0xc78 load address 0x0000000008009158
                0x0000000020000120                _sbss = .
                0x0000000020000120                __bss_start__ = _sbss
 *(.bss)
 .bss           0x0000000020000120       0x1c c:/st/stm32cubeide_1.9.0/stm32cubeide/plugins/com.st.stm32cube.ide.mcu.externaltools.gnu-tools-for-stm32.10.3-2021.10.win32_1.0.0.202111181127/tools/bin/../lib/gcc/arm-none-eabi/10.3.1/thumb/v7e-m+fp/hard/crtbegin.o
 *(.bss*)
 .bss.hadc1     0x000000002000013c       0x48 ./Core/Src/main.o
                0x000000002000013c                hadc1
 .bss.hdma_adc1
                0x0000000020000184       0x60 ./Core/Src/main.o
                0x0000000020000184                hdma_adc1
 *fill*         0x00000000200001e4        0x4 
 .bss.joystick  0x00000000200001e8      0x160 ./Core/Src/main.o
                0x00000000200001e8                joystick
 .bss.LEDPin    0x0000000020000348        0x8 ./Core/Src/main.o
                0x0000000020000348                LEDPin
 .bss.uwTick    0x0000000020000350        0x4 ./Drivers/STM32F4xx_HAL_Driver/Src/stm32f4xx_hal.o
                0x0000000020000350                uwTick
 .bss.cfgidx.0  0x0000000020000354        0x1 ./Middlewares/ST/STM32_USB_Device_Library/Core/Src/usbd_ctlreq.o
 *fill*         0x0000000020000355        0x3 
 .bss.hUsbDeviceFS
                0x0000000020000358      0x2dc ./USB_DEVICE/App/usb_device.o
                0x0000000020000358                hUsbDeviceFS
 .bss.USBD_StrDesc
                0x0000000020000634      0x200 ./USB_DEVICE/App/usbd_desc.o
                0x0000000020000634                USBD_StrDesc
 .bss.hpcd_USB_OTG_FS
                0x0000000020000834      0x50c ./USB_DEVICE/Target/usbd_conf.o
                0x0000000020000834                hpcd_USB_OTG_FS
 .bss.mem.0     0x0000000020000d40       0x58 ./USB_DEVICE/Target/usbd_conf.o
 *(COMMON)
                0x0000000020000d98                . = ALIGN (0x4)
                0x0000000020000d98                _ebss = .
                0x0000000020000d98                __bss_end__ = _ebss

._user_heap_stack
                0x0000000020000d98      0x600 load address 0x0000000008009158
                0x0000000020000d98                . = ALIGN (0x8)
                [!provide]                        PROVIDE (end = .)
                0x0000000020000d98                PROVIDE (_end = .)
                0x0000000020000f98                . = (. + _Min_Heap_Size)
 *fill*         0x0000000020000d98      0x200 
                0x0000000020001398                . = (. + _Min_Stack_Size)
 *fill*         0x0000000020000f98      0x400 
                0x0000000020001398                . = ALIGN (0x8)

/DISCARD/
 libc.a(*)
 libm.a(*)
 libgcc.a(*)

.ARM.attributes
                0x0000000000000000       0x30
 *(.ARM.attributes)
 .ARM.attributes
                0x0000000000000000       0x1e c:/st/stm32cubeide_1.9.0/stm32cubeide/plugins/com.st.stm32cube.ide.mcu.externaltools.gnu-tools-for-stm32.10.3-2021.10.win32_1.0.0.202111181127/tools/bin/../lib/gcc/arm-none-eabi/10.3.1/thumb/v7e-m+fp/hard/crti.o
 .ARM.attributes
                0x000000000000001e       0x34 c:/st/stm32cubeide_1.9.0/stm32cubeide/plugins/com.st.stm32cube.ide.mcu.externaltools.gnu-tools-for-stm32.10.3-2021.10.win32_1.0.0.202111181127/tools/bin/../lib/gcc/arm-none-eabi/10.3.1/thumb/v7e-m+fp/hard/crtbegin.o
 .ARM.attributes
                0x0000000000000052       0x34 ./Core/Src/main.o
 .ARM.attributes
                0x0000000000000086       0x34 ./Core/Src/stm32f4xx_hal_msp.o
 .ARM.attributes
                0x00000000000000ba       0x34 ./Core/Src/stm32f4xx_it.o
 .ARM.attributes
                0x00000000000000ee       0x34 ./Core/Src/system_stm32f4xx.o
 .ARM.attributes
                0x0000000000000122       0x21 ./Core/Startup/startup_stm32f411ceux.o
 .ARM.attributes
                0x0000000000000143       0x34 ./Drivers/STM32F4xx_HAL_Driver/Src/stm32f4xx_hal.o
 .ARM.attributes
                0x0000000000000177       0x34 ./Drivers/STM32F4xx_HAL_Driver/Src/stm32f4xx_hal_adc.o
 .ARM.attributes
                0x00000000000001ab       0x34 ./Drivers/STM32F4xx_HAL_Driver/Src/stm32f4xx_hal_cortex.o
 .ARM.attributes
                0x00000000000001df       0x34 ./Drivers/STM32F4xx_HAL_Driver/Src/stm32f4xx_hal_dma.o
 .ARM.attributes
                0x0000000000000213       0x34 ./Drivers/STM32F4xx_HAL_Driver/Src/stm32f4xx_hal_gpio.o
 .ARM.attributes
                0x0000000000000247       0x34 ./Drivers/STM32F4xx_HAL_Driver/Src/stm32f4xx_hal_pcd.o
 .ARM.attributes
                0x000000000000027b       0x34 ./Drivers/STM32F4xx_HAL_Driver/Src/stm32f4xx_hal_pcd_ex.o
 .ARM.attributes
                0x00000000000002af       0x34 ./Drivers/STM32F4xx_HAL_Driver/Src/stm32f4xx_hal_rcc.o
 .ARM.attributes
                0x00000000000002e3       0x34 ./Drivers/STM32F4xx_HAL_Driver/Src/stm32f4xx_ll_usb.o
 .ARM.attributes
                0x0000000000000317       0x34 ./Middlewares/ST/STM32_USB_Device_Library/Class/CustomHID/Src/usbd_customhid.o
 .ARM.attributes
                0x000000000000034b       0x34 ./Middlewares/ST/STM32_USB_Device_Library/Core/Src/usbd_core.o
 .ARM.attributes
                0x000000000000037f       0x34 ./Middlewares/ST/STM32_USB_Device_Library/Core/Src/usbd_ctlreq.o
 .ARM.attributes
                0x00000000000003b3       0x34 ./Middlewares/ST/STM32_USB_Device_Library/Core/Src/usbd_ioreq.o
 .ARM.attributes
                0x00000000000003e7       0x34 ./USB_DEVICE/App/usb_device.o
 .ARM.attributes
                0x000000000000041b       0x34 ./USB_DEVICE/App/usbd_custom_hid_if.o
 .ARM.attributes
                0x000000000000044f       0x34 ./USB_DEVICE/App/usbd_desc.o
 .ARM.attributes
                0x0000000000000483       0x34 ./USB_DEVICE/Target/usbd_conf.o
 .ARM.attributes
                0x00000000000004b7       0x34 c:/st/stm32cubeide_1.9.0/stm32cubeide/plugins/com.st.stm32cube.ide.mcu.externaltools.gnu-tools-for-stm32.10.3-2021.10.win32_1.0.0.202111181127/tools/bin/../lib/gcc/arm-none-eabi/10.3.1/../../../../arm-none-eabi/lib/thumb/v7e-m+fp/hard\libc_nano.a(lib_a-init.o)
 .ARM.attributes
                0x00000000000004eb       0x34 c:/st/stm32cubeide_1.9.0/stm32cubeide/plugins/com.st.stm32cube.ide.mcu.externaltools.gnu-tools-for-stm32.10.3-2021.10.win32_1.0.0.202111181127/tools/bin/../lib/gcc/arm-none-eabi/10.3.1/../../../../arm-none-eabi/lib/thumb/v7e-m+fp/hard\libc_nano.a(lib_a-memset.o)
 .ARM.attributes
                0x000000000000051f       0x1e c:/st/stm32cubeide_1.9.0/stm32cubeide/plugins/com.st.stm32cube.ide.mcu.externaltools.gnu-tools-for-stm32.10.3-2021.10.win32_1.0.0.202111181127/tools/bin/../lib/gcc/arm-none-eabi/10.3.1/thumb/v7e-m+fp/hard\libgcc.a(_arm_muldf3.o)
 .ARM.attributes
                0x000000000000053d       0x1e c:/st/stm32cubeide_1.9.0/stm32cubeide/plugins/com.st.stm32cube.ide.mcu.externaltools.gnu-tools-for-stm32.10.3-2021.10.win32_1.0.0.202111181127/tools/bin/../lib/gcc/arm-none-eabi/10.3.1/thumb/v7e-m+fp/hard\libgcc.a(_arm_addsubdf3.o)
 .ARM.attributes
                0x000000000000055b       0x1e c:/st/stm32cubeide_1.9.0/stm32cubeide/plugins/com.st.stm32cube.ide.mcu.externaltools.gnu-tools-for-stm32.10.3-2021.10.win32_1.0.0.202111181127/tools/bin/../lib/gcc/arm-none-eabi/10.3.1/thumb/v7e-m+fp/hard\libgcc.a(_arm_cmpdf2.o)
 .ARM.attributes
                0x0000000000000579       0x1e c:/st/stm32cubeide_1.9.0/stm32cubeide/plugins/com.st.stm32cube.ide.mcu.externaltools.gnu-tools-for-stm32.10.3-2021.10.win32_1.0.0.202111181127/tools/bin/../lib/gcc/arm-none-eabi/10.3.1/thumb/v7e-m+fp/hard\libgcc.a(_arm_fixunsdfsi.o)
 .ARM.attributes
                0x0000000000000597       0x1e c:/st/stm32cubeide_1.9.0/stm32cubeide/plugins/com.st.stm32cube.ide.mcu.externaltools.gnu-tools-for-stm32.10.3-2021.10.win32_1.0.0.202111181127/tools/bin/../lib/gcc/arm-none-eabi/10.3.1/thumb/v7e-m+fp/hard\libgcc.a(_aeabi_uldivmod.o)
 .ARM.attributes
                0x00000000000005b5       0x34 c:/st/stm32cubeide_1.9.0/stm32cubeide/plugins/com.st.stm32cube.ide.mcu.externaltools.gnu-tools-for-stm32.10.3-2021.10.win32_1.0.0.202111181127/tools/bin/../lib/gcc/arm-none-eabi/10.3.1/thumb/v7e-m+fp/hard\libgcc.a(_udivmoddi4.o)
 .ARM.attributes
                0x00000000000005e9       0x1e c:/st/stm32cubeide_1.9.0/stm32cubeide/plugins/com.st.stm32cube.ide.mcu.externaltools.gnu-tools-for-stm32.10.3-2021.10.win32_1.0.0.202111181127/tools/bin/../lib/gcc/arm-none-eabi/10.3.1/thumb/v7e-m+fp/hard\libgcc.a(_dvmd_tls.o)
 .ARM.attributes
                0x0000000000000607       0x1e c:/st/stm32cubeide_1.9.0/stm32cubeide/plugins/com.st.stm32cube.ide.mcu.externaltools.gnu-tools-for-stm32.10.3-2021.10.win32_1.0.0.202111181127/tools/bin/../lib/gcc/arm-none-eabi/10.3.1/thumb/v7e-m+fp/hard/crtn.o
OUTPUT(STMThrottleQuadrant.elf elf32-littlearm)
LOAD linker stubs
LOAD c:/st/stm32cubeide_1.9.0/stm32cubeide/plugins/com.st.stm32cube.ide.mcu.externaltools.gnu-tools-for-stm32.10.3-2021.10.win32_1.0.0.202111181127/tools/bin/../lib/gcc/arm-none-eabi/10.3.1/../../../../arm-none-eabi/lib/thumb/v7e-m+fp/hard\libc.a
LOAD c:/st/stm32cubeide_1.9.0/stm32cubeide/plugins/com.st.stm32cube.ide.mcu.externaltools.gnu-tools-for-stm32.10.3-2021.10.win32_1.0.0.202111181127/tools/bin/../lib/gcc/arm-none-eabi/10.3.1/../../../../arm-none-eabi/lib/thumb/v7e-m+fp/hard\libm.a
LOAD c:/st/stm32cubeide_1.9.0/stm32cubeide/plugins/com.st.stm32cube.ide.mcu.externaltools.gnu-tools-for-stm32.10.3-2021.10.win32_1.0.0.202111181127/tools/bin/../lib/gcc/arm-none-eabi/10.3.1/thumb/v7e-m+fp/hard\libgcc.a

.debug_info     0x0000000000000000    0x11555
 .debug_info    0x0000000000000000     0x272c ./Core/Src/main.o
 .debug_info    0x000000000000272c      0xa11 ./Core/Src/stm32f4xx_hal_msp.o
 .debug_info    0x000000000000313d      0x916 ./Core/Src/stm32f4xx_it.o
 .debug_info    0x0000000000003a53      0x54f ./Core/Src/system_stm32f4xx.o
 .debug_info    0x0000000000003fa2       0x22 ./Core/Startup/startup_stm32f411ceux.o
 .debug_info    0x0000000000003fc4      0x90d ./Drivers/STM32F4xx_HAL_Driver/Src/stm32f4xx_hal.o
 .debug_info    0x00000000000048d1      0xd68 ./Drivers/STM32F4xx_HAL_Driver/Src/stm32f4xx_hal_adc.o
 .debug_info    0x0000000000005639      0xd8b ./Drivers/STM32F4xx_HAL_Driver/Src/stm32f4xx_hal_cortex.o
 .debug_info    0x00000000000063c4      0x947 ./Drivers/STM32F4xx_HAL_Driver/Src/stm32f4xx_hal_dma.o
 .debug_info    0x0000000000006d0b      0x78e ./Drivers/STM32F4xx_HAL_Driver/Src/stm32f4xx_hal_gpio.o
 .debug_info    0x0000000000007499     0x168d ./Drivers/STM32F4xx_HAL_Driver/Src/stm32f4xx_hal_pcd.o
 .debug_info    0x0000000000008b26      0x717 ./Drivers/STM32F4xx_HAL_Driver/Src/stm32f4xx_hal_pcd_ex.o
 .debug_info    0x000000000000923d      0x98d ./Drivers/STM32F4xx_HAL_Driver/Src/stm32f4xx_hal_rcc.o
 .debug_info    0x0000000000009bca     0x1a97 ./Drivers/STM32F4xx_HAL_Driver/Src/stm32f4xx_ll_usb.o
 .debug_info    0x000000000000b661      0xce9 ./Middlewares/ST/STM32_USB_Device_Library/Class/CustomHID/Src/usbd_customhid.o
 .debug_info    0x000000000000c34a      0xee7 ./Middlewares/ST/STM32_USB_Device_Library/Core/Src/usbd_core.o
 .debug_info    0x000000000000d231      0xb7f ./Middlewares/ST/STM32_USB_Device_Library/Core/Src/usbd_ctlreq.o
 .debug_info    0x000000000000ddb0      0x7da ./Middlewares/ST/STM32_USB_Device_Library/Core/Src/usbd_ioreq.o
 .debug_info    0x000000000000e58a      0x76a ./USB_DEVICE/App/usb_device.o
 .debug_info    0x000000000000ecf4      0x70e ./USB_DEVICE/App/usbd_custom_hid_if.o
 .debug_info    0x000000000000f402      0x498 ./USB_DEVICE/App/usbd_desc.o
 .debug_info    0x000000000000f89a     0x1cbb ./USB_DEVICE/Target/usbd_conf.o

.debug_abbrev   0x0000000000000000     0x30bf
 .debug_abbrev  0x0000000000000000      0x571 ./Core/Src/main.o
 .debug_abbrev  0x0000000000000571      0x1d1 ./Core/Src/stm32f4xx_hal_msp.o
 .debug_abbrev  0x0000000000000742      0x1e2 ./Core/Src/stm32f4xx_it.o
 .debug_abbrev  0x0000000000000924      0x116 ./Core/Src/system_stm32f4xx.o
 .debug_abbrev  0x0000000000000a3a       0x12 ./Core/Startup/startup_stm32f411ceux.o
 .debug_abbrev  0x0000000000000a4c      0x23e ./Drivers/STM32F4xx_HAL_Driver/Src/stm32f4xx_hal.o
 .debug_abbrev  0x0000000000000c8a      0x204 ./Drivers/STM32F4xx_HAL_Driver/Src/stm32f4xx_hal_adc.o
 .debug_abbrev  0x0000000000000e8e      0x316 ./Drivers/STM32F4xx_HAL_Driver/Src/stm32f4xx_hal_cortex.o
 .debug_abbrev  0x00000000000011a4      0x21b ./Drivers/STM32F4xx_HAL_Driver/Src/stm32f4xx_hal_dma.o
 .debug_abbrev  0x00000000000013bf      0x1c4 ./Drivers/STM32F4xx_HAL_Driver/Src/stm32f4xx_hal_gpio.o
 .debug_abbrev  0x0000000000001583      0x2bb ./Drivers/STM32F4xx_HAL_Driver/Src/stm32f4xx_hal_pcd.o
 .debug_abbrev  0x000000000000183e      0x1ce ./Drivers/STM32F4xx_HAL_Driver/Src/stm32f4xx_hal_pcd_ex.o
 .debug_abbrev  0x0000000000001a0c      0x2aa ./Drivers/STM32F4xx_HAL_Driver/Src/stm32f4xx_hal_rcc.o
 .debug_abbrev  0x0000000000001cb6      0x296 ./Drivers/STM32F4xx_HAL_Driver/Src/stm32f4xx_ll_usb.o
 .debug_abbrev  0x0000000000001f4c      0x2bc ./Middlewares/ST/STM32_USB_Device_Library/Class/CustomHID/Src/usbd_customhid.o
 .debug_abbrev  0x0000000000002208      0x263 ./Middlewares/ST/STM32_USB_Device_Library/Core/Src/usbd_core.o
 .debug_abbrev  0x000000000000246b      0x25c ./Middlewares/ST/STM32_USB_Device_Library/Core/Src/usbd_ctlreq.o
 .debug_abbrev  0x00000000000026c7      0x18a ./Middlewares/ST/STM32_USB_Device_Library/Core/Src/usbd_ioreq.o
 .debug_abbrev  0x0000000000002851      0x1b5 ./USB_DEVICE/App/usb_device.o
 .debug_abbrev  0x0000000000002a06      0x1b4 ./USB_DEVICE/App/usbd_custom_hid_if.o
 .debug_abbrev  0x0000000000002bba      0x1da ./USB_DEVICE/App/usbd_desc.o
 .debug_abbrev  0x0000000000002d94      0x32b ./USB_DEVICE/Target/usbd_conf.o

.debug_aranges  0x0000000000000000      0xdc0
 .debug_aranges
                0x0000000000000000      0x138 ./Core/Src/main.o
 .debug_aranges
                0x0000000000000138       0x30 ./Core/Src/stm32f4xx_hal_msp.o
 .debug_aranges
                0x0000000000000168       0x88 ./Core/Src/stm32f4xx_it.o
 .debug_aranges
                0x00000000000001f0       0x28 ./Core/Src/system_stm32f4xx.o
 .debug_aranges
                0x0000000000000218       0x28 ./Core/Startup/startup_stm32f411ceux.o
 .debug_aranges
                0x0000000000000240       0xf0 ./Drivers/STM32F4xx_HAL_Driver/Src/stm32f4xx_hal.o
 .debug_aranges
                0x0000000000000330       0xe8 ./Drivers/STM32F4xx_HAL_Driver/Src/stm32f4xx_hal_adc.o
 .debug_aranges
                0x0000000000000418      0x118 ./Drivers/STM32F4xx_HAL_Driver/Src/stm32f4xx_hal_cortex.o
 .debug_aranges
                0x0000000000000530       0x90 ./Drivers/STM32F4xx_HAL_Driver/Src/stm32f4xx_hal_dma.o
 .debug_aranges
                0x00000000000005c0       0x58 ./Drivers/STM32F4xx_HAL_Driver/Src/stm32f4xx_hal_gpio.o
 .debug_aranges
                0x0000000000000618      0x148 ./Drivers/STM32F4xx_HAL_Driver/Src/stm32f4xx_hal_pcd.o
 .debug_aranges
                0x0000000000000760       0x38 ./Drivers/STM32F4xx_HAL_Driver/Src/stm32f4xx_hal_pcd_ex.o
 .debug_aranges
                0x0000000000000798       0x88 ./Drivers/STM32F4xx_HAL_Driver/Src/stm32f4xx_hal_rcc.o
 .debug_aranges
                0x0000000000000820      0x1a0 ./Drivers/STM32F4xx_HAL_Driver/Src/stm32f4xx_ll_usb.o
 .debug_aranges
                0x00000000000009c0       0x80 ./Middlewares/ST/STM32_USB_Device_Library/Class/CustomHID/Src/usbd_customhid.o
 .debug_aranges
                0x0000000000000a40       0xd8 ./Middlewares/ST/STM32_USB_Device_Library/Core/Src/usbd_core.o
 .debug_aranges
                0x0000000000000b18       0x90 ./Middlewares/ST/STM32_USB_Device_Library/Core/Src/usbd_ctlreq.o
 .debug_aranges
                0x0000000000000ba8       0x50 ./Middlewares/ST/STM32_USB_Device_Library/Core/Src/usbd_ioreq.o
 .debug_aranges
                0x0000000000000bf8       0x28 ./USB_DEVICE/App/usb_device.o
 .debug_aranges
                0x0000000000000c20       0x30 ./USB_DEVICE/App/usbd_custom_hid_if.o
 .debug_aranges
                0x0000000000000c50       0x60 ./USB_DEVICE/App/usbd_desc.o
 .debug_aranges
                0x0000000000000cb0      0x110 ./USB_DEVICE/Target/usbd_conf.o

.debug_ranges   0x0000000000000000      0xc68
 .debug_ranges  0x0000000000000000      0x128 ./Core/Src/main.o
 .debug_ranges  0x0000000000000128       0x20 ./Core/Src/stm32f4xx_hal_msp.o
 .debug_ranges  0x0000000000000148       0x78 ./Core/Src/stm32f4xx_it.o
 .debug_ranges  0x00000000000001c0       0x18 ./Core/Src/system_stm32f4xx.o
 .debug_ranges  0x00000000000001d8       0x20 ./Core/Startup/startup_stm32f411ceux.o
 .debug_ranges  0x00000000000001f8       0xe0 ./Drivers/STM32F4xx_HAL_Driver/Src/stm32f4xx_hal.o
 .debug_ranges  0x00000000000002d8       0xd8 ./Drivers/STM32F4xx_HAL_Driver/Src/stm32f4xx_hal_adc.o
 .debug_ranges  0x00000000000003b0      0x108 ./Drivers/STM32F4xx_HAL_Driver/Src/stm32f4xx_hal_cortex.o
 .debug_ranges  0x00000000000004b8       0x80 ./Drivers/STM32F4xx_HAL_Driver/Src/stm32f4xx_hal_dma.o
 .debug_ranges  0x0000000000000538       0x48 ./Drivers/STM32F4xx_HAL_Driver/Src/stm32f4xx_hal_gpio.o
 .debug_ranges  0x0000000000000580      0x138 ./Drivers/STM32F4xx_HAL_Driver/Src/stm32f4xx_hal_pcd.o
 .debug_ranges  0x00000000000006b8       0x28 ./Drivers/STM32F4xx_HAL_Driver/Src/stm32f4xx_hal_pcd_ex.o
 .debug_ranges  0x00000000000006e0       0x78 ./Drivers/STM32F4xx_HAL_Driver/Src/stm32f4xx_hal_rcc.o
 .debug_ranges  0x0000000000000758      0x190 ./Drivers/STM32F4xx_HAL_Driver/Src/stm32f4xx_ll_usb.o
 .debug_ranges  0x00000000000008e8       0x70 ./Middlewares/ST/STM32_USB_Device_Library/Class/CustomHID/Src/usbd_customhid.o
 .debug_ranges  0x0000000000000958       0xc8 ./Middlewares/ST/STM32_USB_Device_Library/Core/Src/usbd_core.o
 .debug_ranges  0x0000000000000a20       0x80 ./Middlewares/ST/STM32_USB_Device_Library/Core/Src/usbd_ctlreq.o
 .debug_ranges  0x0000000000000aa0       0x40 ./Middlewares/ST/STM32_USB_Device_Library/Core/Src/usbd_ioreq.o
 .debug_ranges  0x0000000000000ae0       0x18 ./USB_DEVICE/App/usb_device.o
 .debug_ranges  0x0000000000000af8       0x20 ./USB_DEVICE/App/usbd_custom_hid_if.o
 .debug_ranges  0x0000000000000b18       0x50 ./USB_DEVICE/App/usbd_desc.o
 .debug_ranges  0x0000000000000b68      0x100 ./USB_DEVICE/Target/usbd_conf.o

.debug_macro    0x0000000000000000    0x1c177
 .debug_macro   0x0000000000000000      0x4a6 ./Core/Src/main.o
 .debug_macro   0x00000000000004a6      0xb50 ./Core/Src/main.o
 .debug_macro   0x0000000000000ff6      0x29b ./Core/Src/main.o
 .debug_macro   0x0000000000001291       0x2e ./Core/Src/main.o
 .debug_macro   0x00000000000012bf       0x28 ./Core/Src/main.o
 .debug_macro   0x00000000000012e7       0x1c ./Core/Src/main.o
 .debug_macro   0x0000000000001303       0x22 ./Core/Src/main.o
 .debug_macro   0x0000000000001325       0x8e ./Core/Src/main.o
 .debug_macro   0x00000000000013b3       0x51 ./Core/Src/main.o
 .debug_macro   0x0000000000001404      0x103 ./Core/Src/main.o
 .debug_macro   0x0000000000001507       0x6a ./Core/Src/main.o
 .debug_macro   0x0000000000001571      0x1df ./Core/Src/main.o
 .debug_macro   0x0000000000001750       0x1c ./Core/Src/main.o
 .debug_macro   0x000000000000176c       0x22 ./Core/Src/main.o
 .debug_macro   0x000000000000178e       0xd9 ./Core/Src/main.o
 .debug_macro   0x0000000000001867     0x102d ./Core/Src/main.o
 .debug_macro   0x0000000000002894      0x11f ./Core/Src/main.o
 .debug_macro   0x00000000000029b3     0xb953 ./Core/Src/main.o
 .debug_macro   0x000000000000e306       0x6d ./Core/Src/main.o
 .debug_macro   0x000000000000e373     0x367e ./Core/Src/main.o
 .debug_macro   0x00000000000119f1      0x17b ./Core/Src/main.o
 .debug_macro   0x0000000000011b6c       0x5c ./Core/Src/main.o
 .debug_macro   0x0000000000011bc8      0x447 ./Core/Src/main.o
 .debug_macro   0x000000000001200f      0x9fe ./Core/Src/main.o
 .debug_macro   0x0000000000012a0d      0x115 ./Core/Src/main.o
 .debug_macro   0x0000000000012b22      0x11b ./Core/Src/main.o
 .debug_macro   0x0000000000012c3d       0xa5 ./Core/Src/main.o
 .debug_macro   0x0000000000012ce2      0x15f ./Core/Src/main.o
 .debug_macro   0x0000000000012e41      0x287 ./Core/Src/main.o
 .debug_macro   0x00000000000130c8       0x5f ./Core/Src/main.o
 .debug_macro   0x0000000000013127      0x236 ./Core/Src/main.o
 .debug_macro   0x000000000001335d      0x9e1 ./Core/Src/main.o
 .debug_macro   0x0000000000013d3e      0x38b ./Core/Src/main.o
 .debug_macro   0x00000000000140c9      0x17d ./Core/Src/main.o
 .debug_macro   0x0000000000014246       0xf9 ./Core/Src/main.o
 .debug_macro   0x000000000001433f      0x132 ./Core/Src/main.o
 .debug_macro   0x0000000000014471      0x264 ./Core/Src/main.o
 .debug_macro   0x00000000000146d5       0x2e ./Core/Src/main.o
 .debug_macro   0x0000000000014703      0x11a ./Core/Src/main.o
 .debug_macro   0x000000000001481d       0x85 ./Core/Src/main.o
 .debug_macro   0x00000000000148a2       0x89 ./Core/Src/main.o
 .debug_macro   0x000000000001492b      0x248 ./Core/Src/main.o
 .debug_macro   0x0000000000014b73       0xba ./Core/Src/main.o
 .debug_macro   0x0000000000014c2d      0x126 ./Core/Src/main.o
 .debug_macro   0x0000000000014d53       0x52 ./Core/Src/main.o
 .debug_macro   0x0000000000014da5       0x1e ./Core/Src/main.o
 .debug_macro   0x0000000000014dc3       0x3c ./Core/Src/main.o
 .debug_macro   0x0000000000014dff       0x34 ./Core/Src/main.o
 .debug_macro   0x0000000000014e33       0x16 ./Core/Src/main.o
 .debug_macro   0x0000000000014e49       0x35 ./Core/Src/main.o
 .debug_macro   0x0000000000014e7e      0x364 ./Core/Src/main.o
 .debug_macro   0x00000000000151e2       0x10 ./Core/Src/main.o
 .debug_macro   0x00000000000151f2       0x16 ./Core/Src/main.o
 .debug_macro   0x0000000000015208       0x43 ./Core/Src/main.o
 .debug_macro   0x000000000001524b       0x34 ./Core/Src/main.o
 .debug_macro   0x000000000001527f       0x10 ./Core/Src/main.o
 .debug_macro   0x000000000001528f       0x58 ./Core/Src/main.o
 .debug_macro   0x00000000000152e7       0x71 ./Core/Src/main.o
 .debug_macro   0x0000000000015358       0x16 ./Core/Src/main.o
 .debug_macro   0x000000000001536e      0x12a ./Core/Src/main.o
 .debug_macro   0x0000000000015498       0x10 ./Core/Src/main.o
 .debug_macro   0x00000000000154a8       0x1c ./Core/Src/main.o
 .debug_macro   0x00000000000154c4       0x52 ./Core/Src/main.o
 .debug_macro   0x0000000000015516       0x22 ./Core/Src/main.o
 .debug_macro   0x0000000000015538       0x10 ./Core/Src/main.o
 .debug_macro   0x0000000000015548       0x52 ./Core/Src/main.o
 .debug_macro   0x000000000001559a       0xd5 ./Core/Src/main.o
 .debug_macro   0x000000000001566f       0x1c ./Core/Src/main.o
 .debug_macro   0x000000000001568b       0x3d ./Core/Src/main.o
 .debug_macro   0x00000000000156c8       0x16 ./Core/Src/main.o
 .debug_macro   0x00000000000156de      0x137 ./Core/Src/main.o
 .debug_macro   0x0000000000015815      0x18a ./Core/Src/main.o
 .debug_macro   0x000000000001599f       0x10 ./Core/Src/main.o
 .debug_macro   0x00000000000159af      0x3d1 ./Core/Src/main.o
 .debug_macro   0x0000000000015d80       0x10 ./Core/Src/main.o
 .debug_macro   0x0000000000015d90       0x16 ./Core/Src/main.o
 .debug_macro   0x0000000000015da6       0x16 ./Core/Src/main.o
 .debug_macro   0x0000000000015dbc       0x29 ./Core/Src/main.o
 .debug_macro   0x0000000000015de5       0x1c ./Core/Src/main.o
 .debug_macro   0x0000000000015e01       0xde ./Core/Src/main.o
 .debug_macro   0x0000000000015edf       0x16 ./Core/Src/main.o
 .debug_macro   0x0000000000015ef5       0x20 ./Core/Src/main.o
 .debug_macro   0x0000000000015f15       0x78 ./Core/Src/main.o
 .debug_macro   0x0000000000015f8d      0x20f ./Core/Src/main.o
 .debug_macro   0x000000000001619c       0x16 ./Core/Src/main.o
 .debug_macro   0x00000000000161b2       0x18 ./Core/Src/main.o
 .debug_macro   0x00000000000161ca      0x194 ./Core/Src/main.o
 .debug_macro   0x000000000001635e      0x3cd ./Core/Src/main.o
 .debug_macro   0x000000000001672b      0x206 ./Core/Src/stm32f4xx_hal_msp.o
 .debug_macro   0x0000000000016931      0xa78 ./Core/Src/stm32f4xx_hal_msp.o
 .debug_macro   0x00000000000173a9     0x102d ./Core/Src/stm32f4xx_hal_msp.o
 .debug_macro   0x00000000000183d6      0x174 ./Core/Src/stm32f4xx_hal_msp.o
 .debug_macro   0x000000000001854a      0x210 ./Core/Src/stm32f4xx_it.o
 .debug_macro   0x000000000001875a      0x1fc ./Core/Src/system_stm32f4xx.o
 .debug_macro   0x0000000000018956      0x25c ./Drivers/STM32F4xx_HAL_Driver/Src/stm32f4xx_hal.o
 .debug_macro   0x0000000000018bb2      0x1fd ./Drivers/STM32F4xx_HAL_Driver/Src/stm32f4xx_hal_adc.o
 .debug_macro   0x0000000000018daf      0x1fc ./Drivers/STM32F4xx_HAL_Driver/Src/stm32f4xx_hal_cortex.o
 .debug_macro   0x0000000000018fab      0x202 ./Drivers/STM32F4xx_HAL_Driver/Src/stm32f4xx_hal_dma.o
 .debug_macro   0x00000000000191ad      0x202 ./Drivers/STM32F4xx_HAL_Driver/Src/stm32f4xx_hal_gpio.o
 .debug_macro   0x00000000000193af      0x208 ./Drivers/STM32F4xx_HAL_Driver/Src/stm32f4xx_hal_pcd.o
 .debug_macro   0x00000000000195b7      0x1fc ./Drivers/STM32F4xx_HAL_Driver/Src/stm32f4xx_hal_pcd_ex.o
 .debug_macro   0x00000000000197b3      0x220 ./Drivers/STM32F4xx_HAL_Driver/Src/stm32f4xx_hal_rcc.o
 .debug_macro   0x00000000000199d3      0x1fc ./Drivers/STM32F4xx_HAL_Driver/Src/stm32f4xx_ll_usb.o
 .debug_macro   0x0000000000019bcf      0x41c ./Middlewares/ST/STM32_USB_Device_Library/Class/CustomHID/Src/usbd_customhid.o
 .debug_macro   0x0000000000019feb       0x97 ./Middlewares/ST/STM32_USB_Device_Library/Class/CustomHID/Src/usbd_customhid.o
 .debug_macro   0x000000000001a082       0xfd ./Middlewares/ST/STM32_USB_Device_Library/Class/CustomHID/Src/usbd_customhid.o
 .debug_macro   0x000000000001a17f       0x56 ./Middlewares/ST/STM32_USB_Device_Library/Class/CustomHID/Src/usbd_customhid.o
 .debug_macro   0x000000000001a1d5       0x65 ./Middlewares/ST/STM32_USB_Device_Library/Class/CustomHID/Src/usbd_customhid.o
 .debug_macro   0x000000000001a23a      0x403 ./Middlewares/ST/STM32_USB_Device_Library/Core/Src/usbd_core.o
 .debug_macro   0x000000000001a63d      0x215 ./Middlewares/ST/STM32_USB_Device_Library/Core/Src/usbd_core.o