../Core/Inc/yoba/analog_pin.h:8:3:AnalogPin::AnalogPin(ADC_HandleTypeDef*, uint32_t)	24	static
../Core/Inc/yoba/analog_pin.h:19:12:uint32_t AnalogPin::getValue() const	40	static
../Core/Inc/yoba/digital_pin.h:7:3:DigitalPin::DigitalPin(GPIO_TypeDef*, uint32_t)	24	static
../Core/Inc/yoba/digital_pin.h:35:8:void DigitalPin::setValue(bool)	16	static
../Core/Inc/yoba/digital_pin.h:40:8:bool DigitalPin::getValue()	16	static
../Core/Inc/yoba/potentiometer.h:8:3:Potentiometer::Potentiometer(const AnalogPin&, uint32_t, uint32_t)	24	static
../Core/Inc/yoba/potentiometer.h:16:12:uint32_t Potentiometer::getValue() const	24	static
../Core/Inc/yoba/encoder.h:15:3:Encoder::Encoder(const DigitalPin&, const DigitalPin&, const DigitalPin&)	24	static
../Core/Inc/yoba/encoder.h:23:16:EncoderState Encoder::getState()	24	static
../Core/Inc/yoba/encoder.h:74:11:uint8_t Encoder::readRotation()	24	static
../Core/Inc/yoba/joystick.h:29:3:Joystick::Joystick()	136	static
../Core/Inc/yoba/joystick.h:33:8:void Joystick::tick()	16	static
../Core/Inc/yoba/joystick.h:80:8:void Joystick::updateReportAxis()	16	static
../Core/Inc/yoba/joystick.h:88:8:void Joystick::updateReportButton(uint8_t&, bool)	24	static
../Core/Inc/yoba/joystick.h:93:8:void Joystick::updateReportButtonsFromEncoder(uint8_t&, Encoder&)	32	static
../Core/Inc/yoba/joystick.h:101:8:void Joystick::updateReportButtons()	24	static
../Core/Inc/yoba/yoba.h:13:6:void yobaMain()	8	static
../Core/Inc/yoba/yoba.h:23:6:void yobaInterrupt(uint16_t)	16	static
../Core/Src/main.cpp:66:5:int main()	8	static
../Core/Src/main.cpp:111:6:void SystemClock_Config()	88	static
../Core/Src/main.cpp:157:13:void MX_ADC1_Init()	24	static
../Core/Src/main.cpp:209:13:void MX_GPIO_Init()	48	static
../Core/Src/main.cpp:254:6:void HAL_GPIO_EXTI_Callback(uint16_t)	16	static
../Core/Src/main.cpp:263:6:void Error_Handler()	4	static,ignoring_inline_asm
../Core/Src/main.cpp:272:1:void __static_initialization_and_destruction_0(int, int)	16	static
../Core/Src/main.cpp:272:1:cpp)	8	static
