c:\program files\stm32cubeide_1.9.0\stm32cubeide\plugins\com.st.stm32cube.ide.mcu.externaltools.gnu-tools-for-stm32.10.3-2021.10.win32_1.0.0.202111181127\tools\arm-none-eabi\include\c++\10.3.1\bits\std_abs.h:71:3:constexpr double std::abs(double)	16	static
../Core/Inc/yoba/joystick/../math.h:5:19:static uint32_t Math::clamp(uint32_t, uint32_t, uint32_t)	24	static
../Core/Inc/yoba/joystick/../analog_pin.h:9:3:AnalogPin::AnalogPin(ADC_HandleTypeDef*, uint32_t)	24	static
../Core/Inc/yoba/joystick/../analog_pin.h:16:12:uint32_t AnalogPin::getValue()	40	static
../Core/Inc/yoba/joystick/../analog_pin.h:35:12:uint32_t AnalogPin::getSmoothValue(uint8_t, double)	56	static
../Core/Inc/yoba/joystick/../digital_pin.h:7:3:DigitalPin::DigitalPin(GPIO_TypeDef*, uint32_t)	24	static
../Core/Inc/yoba/joystick/../digital_pin.h:35:8:void DigitalPin::setValue(bool)	16	static
../Core/Inc/yoba/joystick/../digital_pin.h:39:8:bool DigitalPin::getValue()	16	static
../Core/Inc/yoba/joystick/../potentiometer.h:8:3:Potentiometer::Potentiometer(const AnalogPin&, uint32_t, uint32_t)	24	static
../Core/Inc/yoba/joystick/../potentiometer.h:16:12:uint32_t Potentiometer::getValue()	32	static
../Core/Inc/yoba/joystick/../encoder.h:15:3:Encoder::Encoder(const DigitalPin&, const DigitalPin&, const DigitalPin&)	24	static
../Core/Inc/yoba/joystick/../encoder.h:23:16:EncoderState Encoder::getState()	24	static
../Core/Inc/yoba/joystick/../encoder.h:74:11:uint8_t Encoder::readRotation()	24	static
../Core/Inc/yoba/joystick/button.h:13:3:JoystickAbstractButton::JoystickAbstractButton(const DigitalPin&)	16	static
../Core/Inc/yoba/joystick/button.h:27:3:JoystickButton::JoystickButton(const DigitalPin&)	16	static
../Core/Inc/yoba/joystick/button.h:31:8:void JoystickButton::updateReport(JoystickReportDescriptor&, uint8_t&)	24	static
../Core/Inc/yoba/joystick/button.h:38:3:JoystickToggleButton::JoystickToggleButton(const DigitalPin&)	16	static
../Core/Inc/yoba/joystick/button.h:42:8:void JoystickToggleButton::updateReport(JoystickReportDescriptor&, uint8_t&)	32	static
../Core/Inc/yoba/joystick/encoder.h:13:3:JoystickEncoder::JoystickEncoder(const Encoder&)	24	static
../Core/Inc/yoba/joystick/encoder.h:17:8:void JoystickEncoder::updateReport(JoystickReportDescriptor&, uint8_t&)	32	static
../Core/Inc/yoba/joystick/joystick.h:19:3:Joystick::Joystick()	320	static
../Core/Inc/yoba/joystick/joystick.h:23:8:void Joystick::tick()	16	static
../Core/Inc/yoba/joystick/joystick.h:71:8:void Joystick::updateReportAxis()	16	static
../Core/Inc/yoba/joystick/joystick.h:79:8:void Joystick::updateReportButtons()	24	static
../Core/Inc/yoba/yoba.h:13:6:void yobaMain()	8	static
../Core/Inc/yoba/yoba.h:21:6:void yobaInterrupt(uint16_t)	16	static
../Core/Src/main.cpp:68:5:int main()	8	static
../Core/Src/main.cpp:114:6:void SystemClock_Config()	88	static
../Core/Src/main.cpp:160:13:void MX_ADC1_Init()	24	static
../Core/Src/main.cpp:210:13:void MX_DMA_Init()	16	static
../Core/Src/main.cpp:228:13:void MX_GPIO_Init()	48	static
../Core/Src/main.cpp:267:6:void HAL_GPIO_EXTI_Callback(uint16_t)	16	static
../Core/Src/main.cpp:276:6:void Error_Handler()	4	static,ignoring_inline_asm
../Core/Src/main.cpp:285:1:void __static_initialization_and_destruction_0(int, int)	16	static
../Core/Src/main.cpp:285:1:cpp)	8	static
