../Core/Src/yoba/analog_pin.h:8:3:AnalogPin::AnalogPin(ADC_HandleTypeDef*, uint32_t)	24	static
../Core/Src/yoba/digital_pin.h:7:3:DigitalPin::DigitalPin(GPIO_TypeDef*, uint32_t)	24	static
../Core/Src/yoba/digital_pin.h:35:8:void DigitalPin::setValue(bool)	16	static
../Core/Src/yoba/potentiometer.h:8:3:Potentiometer::Potentiometer(const AnalogPin&, float, float)	24	static
../Core/Src/yoba/yoba.h:25:6:void yobaMain()	8	static
../Core/Src/yoba/yoba.h:33:6:void yobaInterrupt(uint16_t)	16	static
../Core/Src/main.cpp:68:5:int main()	8	static
../Core/Src/main.cpp:113:6:void SystemClock_Config()	88	static
../Core/Src/main.cpp:159:13:void MX_ADC1_Init()	24	static
../Core/Src/main.cpp:211:13:void MX_USB_OTG_FS_PCD_Init()	8	static
../Core/Src/main.cpp:246:13:void MX_GPIO_Init()	48	static
../Core/Src/main.cpp:285:6:void HAL_GPIO_EXTI_Callback(uint16_t)	16	static
../Core/Src/main.cpp:294:6:void Error_Handler()	4	static,ignoring_inline_asm
../Core/Src/main.cpp:303:1:void __static_initialization_and_destruction_0(int, int)	56	static
../Core/Src/main.cpp:303:1:cpp)	8	static
